Archive member included to satisfy reference by file (symbol)

/Users/ekrivich/esp/hello_world/build/app_update/libapp_update.a(esp_app_desc.o)
                              (esp_app_desc)
/Users/ekrivich/esp/hello_world/build/cxx/libcxx.a(cxx_exception_stubs.o)
                              (__cxx_fatal_exception)
/Users/ekrivich/esp/hello_world/build/cxx/libcxx.a(cxx_guards.o)
                              (__cxa_guard_dummy)
/Users/ekrivich/esp/hello_world/build/esp32/libesp32.a(cpu_start.o)
                              (call_start_cpu0)
/Users/ekrivich/esp/hello_world/build/esp32/libesp32.a(crosscore_int.o)
                              /Users/ekrivich/esp/hello_world/build/esp32/libesp32.a(cpu_start.o) (esp_crosscore_int_init)
/Users/ekrivich/esp/hello_world/build/esp32/libesp32.a(dbg_stubs.o)
                              /Users/ekrivich/esp/hello_world/build/esp32/libesp32.a(cpu_start.o) (esp_dbg_stubs_init)
/Users/ekrivich/esp/hello_world/build/esp32/libesp32.a(dport_access.o)
                              /Users/ekrivich/esp/hello_world/build/esp32/libesp32.a(cpu_start.o) (esp_dport_access_stall_other_cpu_start)
/Users/ekrivich/esp/hello_world/build/esp32/libesp32.a(esp_timer.o)
                              /Users/ekrivich/esp/hello_world/build/esp32/libesp32.a(cpu_start.o) (esp_timer_init)
/Users/ekrivich/esp/hello_world/build/esp32/libesp32.a(esp_timer_esp32.o)
                              /Users/ekrivich/esp/hello_world/build/esp32/libesp32.a(esp_timer.o) (esp_timer_impl_get_time)
/Users/ekrivich/esp/hello_world/build/esp32/libesp32.a(int_wdt.o)
                              /Users/ekrivich/esp/hello_world/build/esp32/libesp32.a(cpu_start.o) (esp_int_wdt_init)
/Users/ekrivich/esp/hello_world/build/esp32/libesp32.a(intr_alloc.o)
                              /Users/ekrivich/esp/hello_world/build/esp32/libesp32.a(esp_timer_esp32.o) (esp_intr_enable)
/Users/ekrivich/esp/hello_world/build/esp32/libesp32.a(ipc.o)
                              /Users/ekrivich/esp/hello_world/build/esp32/libesp32.a(intr_alloc.o) (esp_ipc_call_blocking)
/Users/ekrivich/esp/hello_world/build/esp32/libesp32.a(panic.o)
                              /Users/ekrivich/esp/hello_world/build/cxx/libcxx.a(cxx_exception_stubs.o) (abort)
/Users/ekrivich/esp/hello_world/build/esp32/libesp32.a(system_api.o)
                              /Users/ekrivich/esp/hello_world/build/esp32/libesp32.a(panic.o) (esp_restart_noos)
/Users/ekrivich/esp/hello_world/build/esp32/libesp32.a(task_wdt.o)
                              /Users/ekrivich/esp/hello_world/build/esp32/libesp32.a(cpu_start.o) (esp_task_wdt_init)
/Users/ekrivich/esp/hello_world/build/esp32/libesp32.a(dport_panic_highint_hdl.o)
                              (ld_include_panic_highint_hdl)
/Users/ekrivich/esp/hello_world/build/esp32/libesp32.a(brownout.o)
                              /Users/ekrivich/esp/hello_world/build/esp32/libesp32.a(cpu_start.o) (esp_brownout_init)
/Users/ekrivich/esp/hello_world/build/esp32/libesp32.a(cache_err_int.o)
                              /Users/ekrivich/esp/hello_world/build/esp32/libesp32.a(cpu_start.o) (esp_cache_err_int_init)
/Users/ekrivich/esp/hello_world/build/esp32/libesp32.a(clk.o)
                              /Users/ekrivich/esp/hello_world/build/esp32/libesp32.a(cpu_start.o) (esp_clk_init)
/Users/ekrivich/esp/hello_world/build/esp32/libesp32.a(esp_err_to_name.o)
                              /Users/ekrivich/esp/hello_world/build/esp32/libesp32.a(panic.o) (esp_err_to_name)
/Users/ekrivich/esp/hello_world/build/esp32/libesp32.a(freertos_hooks.o)
                              /Users/ekrivich/esp/hello_world/build/esp32/libesp32.a(task_wdt.o) (esp_register_freertos_idle_hook_for_cpu)
/Users/ekrivich/esp/hello_world/build/esp32/libesp32.a(pm_esp32.o)
                              /Users/ekrivich/esp/hello_world/build/esp32/libesp32.a(freertos_hooks.o) (esp_pm_impl_waiti)
/Users/ekrivich/esp/hello_world/build/esp32/libesp32.a(pm_locks.o)
                              /Users/ekrivich/esp/hello_world/build/esp32/libesp32.a(pm_esp32.o) (esp_pm_lock_create)
/Users/ekrivich/esp/esp-idf/components/esp32/libhal.a(int_asm--set_intclear.o)
                              /Users/ekrivich/esp/hello_world/build/esp32/libesp32.a(intr_alloc.o) (xthal_set_intclear)
/Users/ekrivich/esp/hello_world/build/freertos/libfreertos.a(FreeRTOS-openocd.o)
                              (uxTopUsedPriority)
/Users/ekrivich/esp/hello_world/build/freertos/libfreertos.a(port.o)
                              /Users/ekrivich/esp/hello_world/build/esp32/libesp32.a(cpu_start.o) (port_xSchedulerRunning)
/Users/ekrivich/esp/hello_world/build/freertos/libfreertos.a(queue.o)
                              /Users/ekrivich/esp/hello_world/build/esp32/libesp32.a(ipc.o) (xQueueGenericCreate)
/Users/ekrivich/esp/hello_world/build/freertos/libfreertos.a(tasks.o)
                              /Users/ekrivich/esp/hello_world/build/esp32/libesp32.a(system_api.o) (vTaskSuspendAll)
[...]
Memory Configuration

Name             Origin             Length             Attributes
iram0_0_seg      0x0000000040080000 0x0000000000020000 xr
iram0_2_seg      0x00000000400d0018 0x000000000032ffe8 xr
dram0_0_seg      0x000000003ffb0000 0x000000000002c200 rw
drom0_0_seg      0x000000003f400018 0x00000000003fffe8 r
rtc_iram_seg     0x00000000400c0000 0x0000000000002000 xrw
rtc_data_seg     0x000000003ff80000 0x0000000000002000 rw
rtc_slow_seg     0x0000000050000000 0x0000000000001000 rw
extern_ram_seg   0x000000003f800000 0x0000000000400000 xrw
*default*        0x0000000000000000 0xffffffffffffffff

Linker script and memory map

START GROUP
LOAD /Users/ekrivich/esp/hello_world/build/app_trace/libapp_trace.a
LOAD /Users/ekrivich/esp/hello_world/build/app_update/libapp_update.a
LOAD /Users/ekrivich/esp/hello_world/build/asio/libasio.a
LOAD /Users/ekrivich/esp/hello_world/build/bootloader_support/libbootloader_support.a
LOAD /Users/ekrivich/esp/hello_world/build/bt/libbt.a
LOAD /Users/ekrivich/esp/hello_world/build/coap/libcoap.a
LOAD /Users/ekrivich/esp/hello_world/build/console/libconsole.a
LOAD /Users/ekrivich/esp/hello_world/build/cxx/libcxx.a
LOAD /Users/ekrivich/esp/hello_world/build/driver/libdriver.a
LOAD /Users/ekrivich/esp/hello_world/build/efuse/libefuse.a
LOAD /Users/ekrivich/esp/hello_world/build/esp-tls/libesp-tls.a
LOAD /Users/ekrivich/esp/hello_world/build/esp32/libesp32.a
LOAD /Users/ekrivich/esp/esp-idf/components/esp32/libhal.a
LOAD /Users/ekrivich/esp/esp-idf/components/esp32/lib/libcore.a
LOAD /Users/ekrivich/esp/esp-idf/components/esp32/lib/librtc.a
LOAD /Users/ekrivich/esp/esp-idf/components/esp32/lib/libnet80211.a
LOAD /Users/ekrivich/esp/esp-idf/components/esp32/lib/libpp.a
LOAD /Users/ekrivich/esp/esp-idf/components/esp32/lib/libwpa.a
LOAD /Users/ekrivich/esp/esp-idf/components/esp32/lib/libsmartconfig.a
LOAD /Users/ekrivich/esp/esp-idf/components/esp32/lib/libcoexist.a
LOAD /Users/ekrivich/esp/esp-idf/components/esp32/lib/libwps.a
LOAD /Users/ekrivich/esp/esp-idf/components/esp32/lib/libwpa2.a
LOAD /Users/ekrivich/esp/esp-idf/components/esp32/lib/libespnow.a
LOAD /Users/ekrivich/esp/esp-idf/components/esp32/lib/libphy.a
LOAD /Users/ekrivich/esp/esp-idf/components/esp32/lib/libmesh.a
LOAD /Users/ekrivich/esp/hello_world/build/esp_adc_cal/libesp_adc_cal.a
LOAD /Users/ekrivich/esp/hello_world/build/esp_event/libesp_event.a
LOAD /Users/ekrivich/esp/hello_world/build/esp_http_client/libesp_http_client.a
LOAD /Users/ekrivich/esp/hello_world/build/esp_http_server/libesp_http_server.a
LOAD /Users/ekrivich/esp/hello_world/build/esp_https_ota/libesp_https_ota.a
LOAD /Users/ekrivich/esp/hello_world/build/esp_https_server/libesp_https_server.a
LOAD /Users/ekrivich/esp/hello_world/build/esp_ringbuf/libesp_ringbuf.a
LOAD /Users/ekrivich/esp/hello_world/build/espcoredump/libespcoredump.a
LOAD /Users/ekrivich/esp/hello_world/build/ethernet/libethernet.a
LOAD /Users/ekrivich/esp/hello_world/build/expat/libexpat.a
LOAD /Users/ekrivich/esp/hello_world/build/fatfs/libfatfs.a
LOAD /Users/ekrivich/esp/hello_world/build/freemodbus/libfreemodbus.a
LOAD /Users/ekrivich/esp/hello_world/build/freertos/libfreertos.a
LOAD /Users/ekrivich/esp/hello_world/build/heap/libheap.a
LOAD /Users/ekrivich/esp/hello_world/build/idf_test/libidf_test.a
LOAD /Users/ekrivich/esp/hello_world/build/jsmn/libjsmn.a
LOAD /Users/ekrivich/esp/hello_world/build/json/libjson.a
LOAD /Users/ekrivich/esp/hello_world/build/libsodium/liblibsodium.a
LOAD /Users/ekrivich/esp/hello_world/build/log/liblog.a
LOAD /Users/ekrivich/esp/hello_world/build/lwip/liblwip.a
LOAD /Users/ekrivich/esp/hello_world/build/main/libmain.a
LOAD /Users/ekrivich/esp/hello_world/build/mbedtls/libmbedtls.a
LOAD /Users/ekrivich/esp/hello_world/build/mdns/libmdns.a
LOAD /Users/ekrivich/esp/hello_world/build/micro-ecc/libmicro-ecc.a
LOAD /Users/ekrivich/esp/hello_world/build/mqtt/libmqtt.a
LOAD /Users/ekrivich/esp/esp-idf/components/newlib/lib/libc.a
LOAD /Users/ekrivich/esp/esp-idf/components/newlib/lib/libm.a
LOAD /Users/ekrivich/esp/hello_world/build/newlib/libnewlib.a
LOAD /Users/ekrivich/esp/hello_world/build/nghttp/libnghttp.a
LOAD /Users/ekrivich/esp/hello_world/build/nvs_flash/libnvs_flash.a
LOAD /Users/ekrivich/esp/hello_world/build/openssl/libopenssl.a
LOAD /Users/ekrivich/esp/hello_world/build/protobuf-c/libprotobuf-c.a
LOAD /Users/ekrivich/esp/hello_world/build/protocomm/libprotocomm.a
LOAD /Users/ekrivich/esp/hello_world/build/pthread/libpthread.a
LOAD /Users/ekrivich/esp/hello_world/build/sdmmc/libsdmmc.a
LOAD /Users/ekrivich/esp/hello_world/build/smartconfig_ack/libsmartconfig_ack.a
LOAD /Users/ekrivich/esp/hello_world/build/soc/libsoc.a
LOAD /Users/ekrivich/esp/hello_world/build/spi_flash/libspi_flash.a
LOAD /Users/ekrivich/esp/hello_world/build/spiffs/libspiffs.a
LOAD /Users/ekrivich/esp/hello_world/build/tcp_transport/libtcp_transport.a
LOAD /Users/ekrivich/esp/hello_world/build/tcpip_adapter/libtcpip_adapter.a
LOAD /Users/ekrivich/esp/hello_world/build/ulp/libulp.a
LOAD /Users/ekrivich/esp/hello_world/build/unity/libunity.a
LOAD /Users/ekrivich/esp/hello_world/build/vfs/libvfs.a
LOAD /Users/ekrivich/esp/hello_world/build/wear_levelling/libwear_levelling.a
LOAD /Users/ekrivich/esp/hello_world/build/wifi_provisioning/libwifi_provisioning.a
LOAD /Users/ekrivich/esp/hello_world/build/wpa_supplicant/libwpa_supplicant.a
LOAD /Users/ekrivich/esp/hello_world/build/xtensa-debug-module/libxtensa-debug-module.a
LOAD /Users/ekrivich/esp/xtensa-esp32-elf/bin/../lib/gcc/xtensa-esp32-elf/5.2.0/libgcc.a
LOAD /Users/ekrivich/esp/xtensa-esp32-elf/bin/../lib/gcc/xtensa-esp32-elf/5.2.0/../../../../xtensa-esp32-elf/lib/libstdc++.a
LOAD /Users/ekrivich/esp/xtensa-esp32-elf/bin/../lib/gcc/xtensa-esp32-elf/5.2.0/libgcov.a
END GROUP
                0x0000000040000000                _heap_end = 0x40000000
                0x000000003ff80000                _data_seg_org = ORIGIN (rtc_data_seg)

.rtc.text       0x00000000400c0000        0x0
                0x00000000400c0000                . = ALIGN (0x4)
 *(.rtc.literal .rtc.text .rtc.text.*)
 *rtc_wake_stub*.*(.literal .text .literal.* .text.*)
                0x00000000400c0000                _rtc_text_end = ABSOLUTE (.)

.rtc.dummy      0x000000003ff80000        0x0
                0x000000003ff80000                _rtc_dummy_start = ABSOLUTE (.)
                0x000000003ff80000                _rtc_fast_start = ABSOLUTE (.)
                0x0000000000000000                . = SIZEOF (.rtc.text)
                0x0000000000000000                _rtc_dummy_end = ABSOLUTE (.)

.rtc.force_fast
                0x000000003ff80000        0x0
                0x000000003ff80000                . = ALIGN (0x4)
                0x000000003ff80000                _rtc_force_fast_start = ABSOLUTE (.)
 *(.rtc.force_fast .rtc.force_fast.*)
                0x000000003ff80000                . = ALIGN (0x4)
                0x000000003ff80000                _rtc_force_fast_end = ABSOLUTE (.)

.rtc.data       0x0000000050000000        0x0
                0x0000000050000000                _rtc_data_start = ABSOLUTE (.)
 *(.rtc.data .rtc.data.* .rtc.rodata .rtc.rodata.*)
 *rtc_wake_stub*.*(.data .rodata .data.* .rodata.* .bss .bss.*)
                0x0000000050000000                _rtc_data_end = ABSOLUTE (.)

.rtc.bss        0x0000000050000000        0x0
                0x0000000050000000                _rtc_bss_start = ABSOLUTE (.)
 *rtc_wake_stub*.*(.bss .bss.*)
 *rtc_wake_stub*.*(COMMON)
 *(.rtc.bss)
                0x0000000050000000                _rtc_bss_end = ABSOLUTE (.)

.rtc_noinit     0x0000000050000000        0x0
                0x0000000050000000                . = ALIGN (0x4)
                0x0000000050000000                _rtc_noinit_start = ABSOLUTE (.)
 *(.rtc_noinit .rtc_noinit.*)
                0x0000000050000000                . = ALIGN (0x4)
                0x0000000050000000                _rtc_noinit_end = ABSOLUTE (.)

.rtc.force_slow
                0x0000000050000000        0x0
                0x0000000050000000                . = ALIGN (0x4)
                0x0000000050000000                _rtc_force_slow_start = ABSOLUTE (.)
 *(.rtc.force_slow .rtc.force_slow.*)
                0x0000000050000000                . = ALIGN (0x4)
                0x0000000050000000                _rtc_force_slow_end = ABSOLUTE (.)
                0x0000000000000000                _rtc_slow_length = (ORIGIN (rtc_slow_seg) == ORIGIN (rtc_data_location))?(_rtc_force_slow_end - _rtc_data_start):(_rtc_force_slow_end - _rtc_force_slow_start)
                0x0000000000000000                _rtc_fast_length = (ORIGIN (rtc_slow_seg) == ORIGIN (rtc_data_location))?(_rtc_force_fast_end - _rtc_fast_start):(_rtc_noinit_end - _rtc_fast_start)
                0x0000000000000001                ASSERT ((_rtc_slow_length <= 0x1000), RTC_SLOW segment data does not fit.)
                0x0000000000000001                ASSERT ((_rtc_fast_length <= 0x2000), RTC_FAST segment data does not fit.)

.iram0.vectors  0x0000000040080000      0x400
                0x0000000040080000                _iram_start = ABSOLUTE (.)
                0x0000000040080000                _init_start = ABSOLUTE (.)
                0x0000000000000000                . = 0x0
 *(.WindowVectors.text)
 .WindowVectors.text
                0x0000000040080000      0x16a /Users/ekrivich/esp/hello_world/build/freertos/libfreertos.a(xtensa_vectors.o)
                0x0000000040080000                _WindowOverflow4
                0x0000000040080040                _WindowUnderflow4
                0x0000000040080050                _xt_alloca_exc
                0x0000000040080080                _WindowOverflow8
                0x00000000400800c0                _WindowUnderflow8
                0x0000000040080100                _WindowOverflow12
                0x0000000040080140                _WindowUnderflow12
                0x0000000000000180                . = 0x180
 *fill*         0x000000004008016a       0x16 
 *(.Level2InterruptVector.text)
 .Level2InterruptVector.text
                0x0000000040080180        0x6 /Users/ekrivich/esp/hello_world/build/freertos/libfreertos.a(xtensa_vectors.o)
                0x0000000040080180                _Level2Vector
                0x00000000000001c0                . = 0x1c0
 *fill*         0x0000000040080186       0x3a 
 *(.Level3InterruptVector.text)
 .Level3InterruptVector.text
                0x00000000400801c0        0x6 /Users/ekrivich/esp/hello_world/build/freertos/libfreertos.a(xtensa_vectors.o)
                0x00000000400801c0                _Level3Vector
                0x0000000000000200                . = 0x200
 *fill*         0x00000000400801c6       0x3a 
 *(.Level4InterruptVector.text)
 .Level4InterruptVector.text
                0x0000000040080200        0x6 /Users/ekrivich/esp/hello_world/build/freertos/libfreertos.a(xtensa_vectors.o)
                0x0000000040080200                _Level4Vector
                0x0000000000000240                . = 0x240
 *fill*         0x0000000040080206       0x3a 
 *(.Level5InterruptVector.text)
 .Level5InterruptVector.text
                0x0000000040080240        0x6 /Users/ekrivich/esp/hello_world/build/freertos/libfreertos.a(xtensa_vectors.o)
                0x0000000040080240                _Level5Vector
                0x0000000000000280                . = 0x280
 *fill*         0x0000000040080246       0x3a 
 *(.DebugExceptionVector.text)
 .DebugExceptionVector.text
                0x0000000040080280        0x6 /Users/ekrivich/esp/hello_world/build/freertos/libfreertos.a(xtensa_vectors.o)
                0x0000000040080280                _DebugExceptionVector
                0x00000000000002c0                . = 0x2c0
 *fill*         0x0000000040080286       0x3a 
 *(.NMIExceptionVector.text)
 .NMIExceptionVector.text
                0x00000000400802c0        0x6 /Users/ekrivich/esp/hello_world/build/freertos/libfreertos.a(xtensa_vectors.o)
                0x00000000400802c0                _NMIExceptionVector
                0x0000000000000300                . = 0x300
 *fill*         0x00000000400802c6       0x3a 
 *(.KernelExceptionVector.text)
 .KernelExceptionVector.text
                0x0000000040080300        0x6 /Users/ekrivich/esp/hello_world/build/freertos/libfreertos.a(xtensa_vectors.o)
                0x0000000040080300                _KernelExceptionVector
                0x0000000000000340                . = 0x340
 *fill*         0x0000000040080306       0x3a 
 *(.UserExceptionVector.text)
 .UserExceptionVector.text
                0x0000000040080340        0x6 /Users/ekrivich/esp/hello_world/build/freertos/libfreertos.a(xtensa_vectors.o)
                0x0000000040080340                _UserExceptionVector
                0x00000000000003c0                . = 0x3c0
 *fill*         0x0000000040080346       0x7a 
 *(.DoubleExceptionVector.text)
 .DoubleExceptionVector.text
                0x00000000400803c0        0xf /Users/ekrivich/esp/hello_world/build/freertos/libfreertos.a(xtensa_vectors.o)
                0x00000000400803c0                _DoubleExceptionVector
                0x0000000000000400                . = 0x400
 *fill*         0x00000000400803cf       0x31 
 *(.*Vector.literal)
 *(.UserEnter.literal)
 *(.UserEnter.text)
                0x0000000040080400                . = ALIGN (0x10)
 *(.entry.text)
 *(.init.literal)
 *(.init)
                0x0000000040080400                _init_end = ABSOLUTE (.)

.iram0.text     0x0000000040080400     0x7c2f
                0x0000000040080400                _iram_text_start = ABSOLUTE (.)
 *(.iram1 .iram1.*)
 .iram1.1.literal
                0x0000000040080400        0x4 /Users/ekrivich/esp/hello_world/build/app_update/libapp_update.a(esp_app_desc.o)
 .iram1.21.literal
                0x0000000040080404       0x40 /Users/ekrivich/esp/hello_world/build/esp32/libesp32.a(cpu_start.o)
                                         0xb8 (size before relaxing)
 .iram1.23.literal
                0x0000000040080444        0xc /Users/ekrivich/esp/hello_world/build/esp32/libesp32.a(cpu_start.o)
                                         0x2c (size before relaxing)
 .iram1.25.literal
                0x0000000040080450       0x1c /Users/ekrivich/esp/hello_world/build/esp32/libesp32.a(cpu_start.o)
                                         0x34 (size before relaxing)
 .iram1.24.literal
                0x000000004008046c       0x64 /Users/ekrivich/esp/hello_world/build/esp32/libesp32.a(cpu_start.o)
                                        0x114 (size before relaxing)
 .iram1.17.literal
                0x00000000400804d0       0x1c /Users/ekrivich/esp/hello_world/build/esp32/libesp32.a(crosscore_int.o)
                                         0x28 (size before relaxing)
 .iram1.16.literal
                0x00000000400804ec        0x0 /Users/ekrivich/esp/hello_world/build/esp32/libesp32.a(crosscore_int.o)
                                         0x18 (size before relaxing)
 .iram1.18.literal
                0x00000000400804ec        0x0 /Users/ekrivich/esp/hello_world/build/esp32/libesp32.a(crosscore_int.o)
                                          0x4 (size before relaxing)
 .iram1.15.literal
                0x00000000400804ec       0x28 /Users/ekrivich/esp/hello_world/build/esp32/libesp32.a(dport_access.o)
                                         0x2c (size before relaxing)
 .iram1.16.literal
                0x0000000040080514        0xc /Users/ekrivich/esp/hello_world/build/esp32/libesp32.a(dport_access.o)
                                         0x2c (size before relaxing)
 .iram1.19.literal
                0x0000000040080520        0x0 /Users/ekrivich/esp/hello_world/build/esp32/libesp32.a(dport_access.o)
                                         0x10 (size before relaxing)
 .iram1.20.literal
                0x0000000040080520        0x0 /Users/ekrivich/esp/hello_world/build/esp32/libesp32.a(dport_access.o)
                                          0x4 (size before relaxing)
 .iram1.23.literal
                0x0000000040080520        0x4 /Users/ekrivich/esp/hello_world/build/esp32/libesp32.a(dport_access.o)
 .iram1.24.literal
                0x0000000040080524        0x0 /Users/ekrivich/esp/hello_world/build/esp32/libesp32.a(dport_access.o)
                                          0x4 (size before relaxing)
 .iram1.20.literal
                0x0000000040080524        0x4 /Users/ekrivich/esp/hello_world/build/esp32/libesp32.a(esp_timer.o)
 .iram1.17.literal
                0x0000000040080528        0x4 /Users/ekrivich/esp/hello_world/build/esp32/libesp32.a(esp_timer.o)
                                          0x8 (size before relaxing)
 .iram1.18.literal
                0x000000004008052c        0x0 /Users/ekrivich/esp/hello_world/build/esp32/libesp32.a(esp_timer.o)
                                          0x8 (size before relaxing)
 .iram1.14.literal
                0x000000004008052c       0x10 /Users/ekrivich/esp/hello_world/build/esp32/libesp32.a(esp_timer.o)
                                         0x20 (size before relaxing)
 .iram1.19.literal
                0x000000004008053c        0x4 /Users/ekrivich/esp/hello_world/build/esp32/libesp32.a(esp_timer.o)
                                          0xc (size before relaxing)
 .iram1.22.literal
                0x0000000040080540        0x0 /Users/ekrivich/esp/hello_world/build/esp32/libesp32.a(esp_timer.o)
                                          0x4 (size before relaxing)
 .iram1.15.literal
                0x0000000040080540       0x40 /Users/ekrivich/esp/hello_world/build/esp32/libesp32.a(esp_timer_esp32.o)
                                         0x4c (size before relaxing)
 .iram1.13.literal
                0x0000000040080580        0x4 /Users/ekrivich/esp/hello_world/build/esp32/libesp32.a(esp_timer_esp32.o)
                                         0x20 (size before relaxing)
 .iram1.14.literal
                0x0000000040080584       0x10 /Users/ekrivich/esp/hello_world/build/esp32/libesp32.a(esp_timer_esp32.o)
                                         0x4c (size before relaxing)
 .iram1.14.literal
                0x0000000040080594        0xc /Users/ekrivich/esp/hello_world/build/esp32/libesp32.a(int_wdt.o)
 .iram1.11.literal
                0x00000000400805a0        0x4 /Users/ekrivich/esp/hello_world/build/esp32/libesp32.a(intr_alloc.o)
                                          0xc (size before relaxing)
 .iram1.13.literal
                0x00000000400805a4        0x4 /Users/ekrivich/esp/hello_world/build/esp32/libesp32.a(intr_alloc.o)
                                         0x14 (size before relaxing)
 .iram1.14.literal
                0x00000000400805a8        0xc /Users/ekrivich/esp/hello_world/build/esp32/libesp32.a(intr_alloc.o)
                                         0x28 (size before relaxing)
 .iram1.15.literal
                0x00000000400805b4        0xc /Users/ekrivich/esp/hello_world/build/esp32/libesp32.a(intr_alloc.o)
                                         0x10 (size before relaxing)
 .iram1.16.literal
                0x00000000400805c0        0x0 /Users/ekrivich/esp/hello_world/build/esp32/libesp32.a(intr_alloc.o)
                                          0xc (size before relaxing)
 .iram1.11.literal
                0x00000000400805c0       0x20 /Users/ekrivich/esp/hello_world/build/esp32/libesp32.a(ipc.o)
                                         0x34 (size before relaxing)
 .iram1.22.literal
                0x00000000400805e0       0x40 /Users/ekrivich/esp/hello_world/build/esp32/libesp32.a(system_api.o)
                                         0xac (size before relaxing)
 .iram1.literal
                0x0000000040080620       0x10 /Users/ekrivich/esp/hello_world/build/esp32/libesp32.a(dport_panic_highint_hdl.o)
                                         0x28 (size before relaxing)
 .iram1.13.literal
                0x0000000040080630        0xc /Users/ekrivich/esp/hello_world/build/esp32/libesp32.a(cache_err_int.o)
                                         0x18 (size before relaxing)
 .iram1.4.literal
                0x000000004008063c        0x8 /Users/ekrivich/esp/hello_world/build/esp32/libesp32.a(clk.o)
 .iram1.5.literal
                0x0000000040080644        0x0 /Users/ekrivich/esp/hello_world/build/esp32/libesp32.a(clk.o)
                                          0x8 (size before relaxing)
 .iram1.7.literal
                0x0000000040080644        0x4 /Users/ekrivich/esp/hello_world/build/esp32/libesp32.a(clk.o)
                                          0x8 (size before relaxing)
 .iram1.10.literal
                0x0000000040080648        0x4 /Users/ekrivich/esp/hello_world/build/esp32/libesp32.a(freertos_hooks.o)
 .iram1.11.literal
                0x000000004008064c        0x4 /Users/ekrivich/esp/hello_world/build/freertos/libfreertos.a(port.o)
 .iram1.literal
                0x0000000040080650       0x44 /Users/ekrivich/esp/hello_world/build/freertos/libfreertos.a(xtensa_vectors.o)
                                         0x68 (size before relaxing)
 .iram1.18.literal
                0x0000000040080694        0x4 /Users/ekrivich/esp/hello_world/build/heap/libheap.a(heap_caps.o)
 .iram1.11.literal
                0x0000000040080698       0x24 /Users/ekrivich/esp/hello_world/build/heap/libheap.a(heap_caps.o)
                                         0x34 (size before relaxing)
 .iram1.12.literal
                0x00000000400806bc        0x4 /Users/ekrivich/esp/hello_world/build/heap/libheap.a(heap_caps.o)
                                         0x18 (size before relaxing)
 .iram1.13.literal
                0x00000000400806c0        0xc /Users/ekrivich/esp/hello_world/build/heap/libheap.a(heap_caps.o)
                                         0x20 (size before relaxing)
 .iram1.19.literal
                0x00000000400806cc       0x10 /Users/ekrivich/esp/hello_world/build/heap/libheap.a(heap_caps.o)
                                         0x20 (size before relaxing)
 .iram1.20.literal
                0x00000000400806dc       0x10 /Users/ekrivich/esp/hello_world/build/heap/libheap.a(heap_caps.o)
                                         0x38 (size before relaxing)
 .iram1.14.literal
                0x00000000400806ec        0x0 /Users/ekrivich/esp/hello_world/build/heap/libheap.a(heap_caps.o)
                                         0x20 (size before relaxing)
 .iram1.11.literal
                0x00000000400806ec       0x20 /Users/ekrivich/esp/hello_world/build/log/liblog.a(log.o)
                                         0x34 (size before relaxing)
 .iram1.12.literal
                0x000000004008070c        0x0 /Users/ekrivich/esp/hello_world/build/log/liblog.a(log.o)
                                          0x8 (size before relaxing)
 .iram1.13.literal
                0x000000004008070c        0x4 /Users/ekrivich/esp/hello_world/build/log/liblog.a(log.o)
                                         0x14 (size before relaxing)
 .iram1.11.literal
                0x0000000040080710        0x4 /Users/ekrivich/esp/hello_world/build/newlib/libnewlib.a(locks.o)
                                         0x1c (size before relaxing)
 .iram1.15.literal
                0x0000000040080714        0xc /Users/ekrivich/esp/hello_world/build/newlib/libnewlib.a(locks.o)
                                         0x38 (size before relaxing)
 .iram1.20.literal
                0x0000000040080720        0x0 /Users/ekrivich/esp/hello_world/build/newlib/libnewlib.a(locks.o)
                                         0x18 (size before relaxing)
 .iram1.12.literal
                0x0000000040080720        0x0 /Users/ekrivich/esp/hello_world/build/newlib/libnewlib.a(locks.o)
                                          0x4 (size before relaxing)
 .iram1.13.literal
                0x0000000040080720        0x0 /Users/ekrivich/esp/hello_world/build/newlib/libnewlib.a(locks.o)
                                          0x4 (size before relaxing)
 .iram1.14.literal
                0x0000000040080720        0x4 /Users/ekrivich/esp/hello_world/build/newlib/libnewlib.a(locks.o)
                                         0x28 (size before relaxing)
 .iram1.16.literal
                0x0000000040080724        0x0 /Users/ekrivich/esp/hello_world/build/newlib/libnewlib.a(locks.o)
                                          0x4 (size before relaxing)
 .iram1.17.literal
                0x0000000040080724        0x0 /Users/ekrivich/esp/hello_world/build/newlib/libnewlib.a(locks.o)
                                          0x4 (size before relaxing)
 .iram1.18.literal
                0x0000000040080724        0x0 /Users/ekrivich/esp/hello_world/build/newlib/libnewlib.a(locks.o)
                                          0x4 (size before relaxing)
 .iram1.19.literal
                0x0000000040080724        0x0 /Users/ekrivich/esp/hello_world/build/newlib/libnewlib.a(locks.o)
                                          0x4 (size before relaxing)
 .iram1.21.literal
                0x0000000040080724        0x0 /Users/ekrivich/esp/hello_world/build/newlib/libnewlib.a(locks.o)
                                          0x4 (size before relaxing)
 .iram1.22.literal
                0x0000000040080724        0x0 /Users/ekrivich/esp/hello_world/build/newlib/libnewlib.a(locks.o)
                                          0x4 (size before relaxing)
 .iram1.0.literal
                0x0000000040080724        0x8 /Users/ekrivich/esp/hello_world/build/newlib/libnewlib.a(reent_init.o)
                                         0x10 (size before relaxing)
 .iram1.10.literal
                0x000000004008072c        0x0 /Users/ekrivich/esp/hello_world/build/newlib/libnewlib.a(syscalls.o)
                                          0x4 (size before relaxing)
 .iram1.11.literal
                0x000000004008072c        0x0 /Users/ekrivich/esp/hello_world/build/newlib/libnewlib.a(syscalls.o)
                                          0x4 (size before relaxing)
 .iram1.12.literal
                0x000000004008072c        0x0 /Users/ekrivich/esp/hello_world/build/newlib/libnewlib.a(syscalls.o)
                                          0x4 (size before relaxing)
 .iram1.13.literal
                0x000000004008072c        0x8 /Users/ekrivich/esp/hello_world/build/newlib/libnewlib.a(syscalls.o)
 .iram1.12.literal
                0x0000000040080734        0xc /Users/ekrivich/esp/hello_world/build/newlib/libnewlib.a(time.o)
                                         0x18 (size before relaxing)
 .iram1.11.literal
                0x0000000040080740        0x0 /Users/ekrivich/esp/hello_world/build/newlib/libnewlib.a(time.o)
                                          0x8 (size before relaxing)
 .iram1.0.literal
                0x0000000040080740       0x18 /Users/ekrivich/esp/hello_world/build/soc/libsoc.a(cpu_util.o)
 .iram1.1.literal
                0x0000000040080758        0x0 /Users/ekrivich/esp/hello_world/build/soc/libsoc.a(cpu_util.o)
                                         0x10 (size before relaxing)
 .iram1.2.literal
                0x0000000040080758        0x0 /Users/ekrivich/esp/hello_world/build/soc/libsoc.a(cpu_util.o)
                                          0x4 (size before relaxing)
 .iram1.3.literal
                0x0000000040080758        0x4 /Users/ekrivich/esp/hello_world/build/soc/libsoc.a(cpu_util.o)
 .iram1.28.literal
                0x000000004008075c       0x10 /Users/ekrivich/esp/hello_world/build/spi_flash/libspi_flash.a(cache_utils.o)
                                         0x20 (size before relaxing)
 .iram1.22.literal
                0x000000004008076c        0xc /Users/ekrivich/esp/hello_world/build/spi_flash/libspi_flash.a(cache_utils.o)
                                         0x20 (size before relaxing)
 .iram1.27.literal
                0x0000000040080778        0x8 /Users/ekrivich/esp/hello_world/build/spi_flash/libspi_flash.a(cache_utils.o)
                                         0x30 (size before relaxing)
 .iram1.23.literal
                0x0000000040080780       0x20 /Users/ekrivich/esp/hello_world/build/spi_flash/libspi_flash.a(cache_utils.o)
                                         0x64 (size before relaxing)
 .iram1.24.literal
                0x00000000400807a0        0xc /Users/ekrivich/esp/hello_world/build/spi_flash/libspi_flash.a(cache_utils.o)
                                         0x44 (size before relaxing)
 .iram1.29.literal
                0x00000000400807ac        0x0 /Users/ekrivich/esp/hello_world/build/spi_flash/libspi_flash.a(cache_utils.o)
                                         0x10 (size before relaxing)
 .iram1.22.literal
                0x00000000400807ac        0x4 /Users/ekrivich/esp/hello_world/build/spi_flash/libspi_flash.a(flash_ops.o)
 .iram1.24.literal
                0x00000000400807b0        0x4 /Users/ekrivich/esp/hello_world/build/spi_flash/libspi_flash.a(flash_ops.o)
 .iram1.22.literal
                0x00000000400807b4        0x8 /Users/ekrivich/esp/hello_world/build/spi_flash/libspi_flash.a(flash_mmap.o)
 .iram1.21.literal
                0x00000000400807bc        0xc /Users/ekrivich/esp/hello_world/build/spi_flash/libspi_flash.a(flash_mmap.o)
                                         0x18 (size before relaxing)
 .iram1.27.literal
                0x00000000400807c8        0x0 /Users/ekrivich/esp/hello_world/build/spi_flash/libspi_flash.a(flash_mmap.o)
                                         0x10 (size before relaxing)
 .iram1.30.literal
                0x00000000400807c8       0x10 /Users/ekrivich/esp/hello_world/build/spi_flash/libspi_flash.a(flash_mmap.o)
                                         0x28 (size before relaxing)
 .iram1.24.literal
                0x00000000400807d8       0x2c /Users/ekrivich/esp/hello_world/build/spi_flash/libspi_flash.a(flash_mmap.o)
                                         0x88 (size before relaxing)
 .iram1.23.literal
                0x0000000040080804        0x4 /Users/ekrivich/esp/hello_world/build/spi_flash/libspi_flash.a(flash_mmap.o)
                                         0x18 (size before relaxing)
 .iram1.25.literal
                0x0000000040080808        0xc /Users/ekrivich/esp/hello_world/build/spi_flash/libspi_flash.a(flash_mmap.o)
                                         0x34 (size before relaxing)
 .literal.prvGetFreeSize
                0x0000000040080814        0xc /Users/ekrivich/esp/hello_world/build/esp_ringbuf/libesp_ringbuf.a(ringbuf.o)
                                         0x14 (size before relaxing)
 .literal.prvReceiveGeneric
                0x0000000040080820        0x4 /Users/ekrivich/esp/hello_world/build/esp_ringbuf/libesp_ringbuf.a(ringbuf.o)
                                         0x3c (size before relaxing)
 .literal.xRingbufferSend
                0x0000000040080824        0x4 /Users/ekrivich/esp/hello_world/build/esp_ringbuf/libesp_ringbuf.a(ringbuf.o)
                                         0x40 (size before relaxing)
 .literal.xRingbufferReceive
                0x0000000040080828        0x4 /Users/ekrivich/esp/hello_world/build/esp_ringbuf/libesp_ringbuf.a(ringbuf.o)
                                         0x18 (size before relaxing)
 .literal.vRingbufferReturnItem
                0x000000004008082c        0x4 /Users/ekrivich/esp/hello_world/build/esp_ringbuf/libesp_ringbuf.a(ringbuf.o)
                                         0x28 (size before relaxing)
 .literal       0x0000000040080830        0x4 /Users/ekrivich/esp/esp-idf/components/esp32/libhal.a(windowspill_asm.o)
 .literal.panicPutChar
                0x0000000040080834        0x4 /Users/ekrivich/esp/hello_world/build/esp32/libesp32.a(panic.o)
                                          0x8 (size before relaxing)
 .literal.panicPutStr
                0x0000000040080838        0x0 /Users/ekrivich/esp/hello_world/build/esp32/libesp32.a(panic.o)
                                          0x4 (size before relaxing)
 .literal.panicPutHex
                0x0000000040080838        0x0 /Users/ekrivich/esp/hello_world/build/esp32/libesp32.a(panic.o)
                                          0x8 (size before relaxing)
 .literal.panicPutDec
                0x0000000040080838        0x4 /Users/ekrivich/esp/hello_world/build/esp32/libesp32.a(panic.o)
                                         0x10 (size before relaxing)
 .literal.illegal_instruction_helper
                0x000000004008083c       0x18 /Users/ekrivich/esp/hello_world/build/esp32/libesp32.a(panic.o)
                                         0x3c (size before relaxing)
 .literal.reconfigureAllWdts
                0x0000000040080854       0x10 /Users/ekrivich/esp/hello_world/build/esp32/libesp32.a(panic.o)
                                         0x24 (size before relaxing)
 .literal.putEntry
                0x0000000040080864       0x10 /Users/ekrivich/esp/hello_world/build/esp32/libesp32.a(panic.o)
                                         0x20 (size before relaxing)
 .literal.doBacktrace
                0x0000000040080874        0xc /Users/ekrivich/esp/hello_world/build/esp32/libesp32.a(panic.o)
                                         0x24 (size before relaxing)
 .literal.invoke_abort
                0x0000000040080880        0x4 /Users/ekrivich/esp/hello_world/build/esp32/libesp32.a(panic.o)
                                          0x8 (size before relaxing)
 .literal.haltOtherCore
                0x0000000040080884        0x0 /Users/ekrivich/esp/hello_world/build/esp32/libesp32.a(panic.o)
                                          0x4 (size before relaxing)
 .literal.commonErrorHandler_dump
                0x0000000040080884       0x30 /Users/ekrivich/esp/hello_world/build/esp32/libesp32.a(panic.o)
                                         0xa8 (size before relaxing)
 .literal.esp_panic_dig_reset
                0x00000000400808b4        0x0 /Users/ekrivich/esp/hello_world/build/esp32/libesp32.a(panic.o)
                                         0x18 (size before relaxing)
 .literal.commonErrorHandler
                0x00000000400808b4        0x8 /Users/ekrivich/esp/hello_world/build/esp32/libesp32.a(panic.o)
                                         0x4c (size before relaxing)
 .literal.esp_error_check_failed_print
                0x00000000400808bc       0x14 /Users/ekrivich/esp/hello_world/build/esp32/libesp32.a(panic.o)
                                         0x2c (size before relaxing)
 .literal.abort
                0x00000000400808d0        0x8 /Users/ekrivich/esp/hello_world/build/esp32/libesp32.a(panic.o)
                                         0x18 (size before relaxing)
 .literal.vApplicationStackOverflowHook
                0x00000000400808d8        0x8 /Users/ekrivich/esp/hello_world/build/esp32/libesp32.a(panic.o)
                                         0x18 (size before relaxing)
 .literal.panicHandler
                0x00000000400808e0       0x34 /Users/ekrivich/esp/hello_world/build/esp32/libesp32.a(panic.o)
                                         0xa8 (size before relaxing)
 .literal.xt_unhandled_exception
                0x0000000040080914       0x18 /Users/ekrivich/esp/hello_world/build/esp32/libesp32.a(panic.o)
                                         0x68 (size before relaxing)
 .literal._esp_error_check_failed
                0x000000004008092c        0x4 /Users/ekrivich/esp/hello_world/build/esp32/libesp32.a(panic.o)
                                          0xc (size before relaxing)
 .literal.rtc_clk_32k_enable_common
                0x0000000040080930       0x14 /Users/ekrivich/esp/hello_world/build/soc/libsoc.a(rtc_clk.o)
 .literal.rtc_clk_bbpll_disable
                0x0000000040080944        0xc /Users/ekrivich/esp/hello_world/build/soc/libsoc.a(rtc_clk.o)
                                         0x10 (size before relaxing)
 .literal.rtc_clk_bbpll_enable
                0x0000000040080950        0x8 /Users/ekrivich/esp/hello_world/build/soc/libsoc.a(rtc_clk.o)
                                         0x1c (size before relaxing)
 .literal.rtc_clk_32k_enable
                0x0000000040080958        0x4 /Users/ekrivich/esp/hello_world/build/soc/libsoc.a(rtc_clk.o)
                                          0xc (size before relaxing)
 .literal.rtc_clk_32k_enable_external
                0x000000004008095c        0x0 /Users/ekrivich/esp/hello_world/build/soc/libsoc.a(rtc_clk.o)
                                          0x4 (size before relaxing)
 .literal.rtc_clk_8m_enable
                0x000000004008095c        0xc /Users/ekrivich/esp/hello_world/build/soc/libsoc.a(rtc_clk.o)
                                         0x10 (size before relaxing)
 .literal.rtc_clk_slow_freq_set
                0x0000000040080968        0x0 /Users/ekrivich/esp/hello_world/build/soc/libsoc.a(rtc_clk.o)
                                          0xc (size before relaxing)
 .literal.rtc_clk_slow_freq_get
                0x0000000040080968        0x0 /Users/ekrivich/esp/hello_world/build/soc/libsoc.a(rtc_clk.o)
                                          0x4 (size before relaxing)
 .literal.rtc_clk_slow_freq_get_hz
                0x0000000040080968        0xc /Users/ekrivich/esp/hello_world/build/soc/libsoc.a(rtc_clk.o)
                                         0x10 (size before relaxing)
 .literal.rtc_clk_fast_freq_set
                0x0000000040080974        0x4 /Users/ekrivich/esp/hello_world/build/soc/libsoc.a(rtc_clk.o)
                                          0xc (size before relaxing)
 .literal.rtc_clk_bbpll_configure
                0x0000000040080978       0x10 /Users/ekrivich/esp/hello_world/build/soc/libsoc.a(rtc_clk.o)
                                         0x3c (size before relaxing)
 .literal.rtc_clk_xtal_freq_get
                0x0000000040080988        0x8 /Users/ekrivich/esp/hello_world/build/soc/libsoc.a(rtc_clk.o)
 .literal.rtc_clk_cpu_freq_mhz_to_config
                0x0000000040080990        0x0 /Users/ekrivich/esp/hello_world/build/soc/libsoc.a(rtc_clk.o)
                                          0x4 (size before relaxing)
 .literal.rtc_clk_cpu_freq_get_config
                0x0000000040080990       0x10 /Users/ekrivich/esp/hello_world/build/soc/libsoc.a(rtc_clk.o)
                                         0x34 (size before relaxing)
 .literal.rtc_clk_apb_freq_update
                0x00000000400809a0        0x4 /Users/ekrivich/esp/hello_world/build/soc/libsoc.a(rtc_clk.o)
 .literal.rtc_clk_cpu_freq_to_xtal
                0x00000000400809a4        0xc /Users/ekrivich/esp/hello_world/build/soc/libsoc.a(rtc_clk.o)
                                         0x30 (size before relaxing)
 .literal.rtc_clk_cpu_freq_set_xtal
                0x00000000400809b0        0x0 /Users/ekrivich/esp/hello_world/build/soc/libsoc.a(rtc_clk.o)
                                         0x10 (size before relaxing)
 .literal.rtc_clk_cpu_freq_to_pll_mhz
                0x00000000400809b0        0xc /Users/ekrivich/esp/hello_world/build/soc/libsoc.a(rtc_clk.o)
                                         0x40 (size before relaxing)
 .literal.rtc_clk_cpu_freq_to_8m
                0x00000000400809bc        0x4 /Users/ekrivich/esp/hello_world/build/soc/libsoc.a(rtc_clk.o)
                                         0x28 (size before relaxing)
 .literal.rtc_clk_cpu_freq_set_config
                0x00000000400809c0        0x0 /Users/ekrivich/esp/hello_world/build/soc/libsoc.a(rtc_clk.o)
                                         0x30 (size before relaxing)
 .literal.rtc_clk_apb_freq_get
                0x00000000400809c0        0x4 /Users/ekrivich/esp/hello_world/build/soc/libsoc.a(rtc_clk.o)
                                         0x10 (size before relaxing)
 .literal.rtc_init
                0x00000000400809c4       0x7c /Users/ekrivich/esp/hello_world/build/soc/libsoc.a(rtc_init.o)
                                         0xdc (size before relaxing)
 .literal.rtc_clk_cal_internal
                0x0000000040080a40       0x2c /Users/ekrivich/esp/hello_world/build/soc/libsoc.a(rtc_time.o)
                                         0x68 (size before relaxing)
 .literal.rtc_clk_cal
                0x0000000040080a6c        0x0 /Users/ekrivich/esp/hello_world/build/soc/libsoc.a(rtc_time.o)
                                          0xc (size before relaxing)
 .literal.rtc_time_get
                0x0000000040080a6c       0x10 /Users/ekrivich/esp/hello_world/build/soc/libsoc.a(rtc_time.o)
                                         0x18 (size before relaxing)
 .literal.rtc_clk_wait_for_slow_cycle
                0x0000000040080a7c        0x8 /Users/ekrivich/esp/hello_world/build/soc/libsoc.a(rtc_time.o)
                                         0x20 (size before relaxing)
 .literal.rtc_wdt_get_protect_status
                0x0000000040080a84        0x8 /Users/ekrivich/esp/hello_world/build/soc/libsoc.a(rtc_wdt.o)
 .literal.rtc_wdt_protect_off
                0x0000000040080a8c        0x0 /Users/ekrivich/esp/hello_world/build/soc/libsoc.a(rtc_wdt.o)
                                          0x8 (size before relaxing)
 .literal.rtc_wdt_protect_on
                0x0000000040080a8c        0x0 /Users/ekrivich/esp/hello_world/build/soc/libsoc.a(rtc_wdt.o)
                                          0x4 (size before relaxing)
 .literal.rtc_wdt_enable
                0x0000000040080a8c        0xc /Users/ekrivich/esp/hello_world/build/soc/libsoc.a(rtc_wdt.o)
                                         0x10 (size before relaxing)
 .literal.rtc_wdt_flashboot_mode_enable
                0x0000000040080a98        0x0 /Users/ekrivich/esp/hello_world/build/soc/libsoc.a(rtc_wdt.o)
                                          0x4 (size before relaxing)
 .literal.rtc_wdt_feed
                0x0000000040080a98        0x0 /Users/ekrivich/esp/hello_world/build/soc/libsoc.a(rtc_wdt.o)
                                         0x14 (size before relaxing)
 .literal.rtc_wdt_set_time
                0x0000000040080a98       0x14 /Users/ekrivich/esp/hello_world/build/soc/libsoc.a(rtc_wdt.o)
                                         0x20 (size before relaxing)
 .literal.rtc_wdt_set_stage
                0x0000000040080aac        0x8 /Users/ekrivich/esp/hello_world/build/soc/libsoc.a(rtc_wdt.o)
                                         0x14 (size before relaxing)
 .literal.rtc_wdt_disable
                0x0000000040080ab4        0x0 /Users/ekrivich/esp/hello_world/build/soc/libsoc.a(rtc_wdt.o)
                                         0x2c (size before relaxing)
 .literal.rtc_wdt_set_length_of_reset_signal
                0x0000000040080ab4        0x4 /Users/ekrivich/esp/hello_world/build/soc/libsoc.a(rtc_wdt.o)
                                          0xc (size before relaxing)
 .literal.rtc_wdt_is_on
                0x0000000040080ab8        0x0 /Users/ekrivich/esp/hello_world/build/soc/libsoc.a(rtc_wdt.o)
                                          0x4 (size before relaxing)
 .literal.vPortTaskWrapper
                0x0000000040080ab8        0x8 /Users/ekrivich/esp/hello_world/build/freertos/libfreertos.a(port.o)
                                         0x18 (size before relaxing)
 .literal.pxPortInitialiseStack
                0x0000000040080ac0       0x14 /Users/ekrivich/esp/hello_world/build/freertos/libfreertos.a(port.o)
                                         0x1c (size before relaxing)
 .literal.xPortStartScheduler
                0x0000000040080ad4        0x0 /Users/ekrivich/esp/hello_world/build/freertos/libfreertos.a(port.o)
                                         0x14 (size before relaxing)
 .literal.xPortSysTickHandler
                0x0000000040080ad4        0x0 /Users/ekrivich/esp/hello_world/build/freertos/libfreertos.a(port.o)
                                          0x8 (size before relaxing)
 .literal.vPortYieldOtherCore
                0x0000000040080ad4        0x0 /Users/ekrivich/esp/hello_world/build/freertos/libfreertos.a(port.o)
                                          0x4 (size before relaxing)
 .literal.vPortReleaseTaskMPUSettings
                0x0000000040080ad4        0x0 /Users/ekrivich/esp/hello_world/build/freertos/libfreertos.a(port.o)
                                          0x4 (size before relaxing)
 .literal.xPortInIsrContext
                0x0000000040080ad4        0x0 /Users/ekrivich/esp/hello_world/build/freertos/libfreertos.a(port.o)
                                          0x8 (size before relaxing)
 .literal.vPortCPUInitializeMutex
                0x0000000040080ad4        0x4 /Users/ekrivich/esp/hello_world/build/freertos/libfreertos.a(port.o)
 .literal.vPortCPUAcquireMutex
                0x0000000040080ad8       0x1c /Users/ekrivich/esp/hello_world/build/freertos/libfreertos.a(port.o)
                                         0x30 (size before relaxing)
 .literal.vPortCPUReleaseMutex
                0x0000000040080af4        0xc /Users/ekrivich/esp/hello_world/build/freertos/libfreertos.a(port.o)
                                         0x20 (size before relaxing)
 .literal.prvIsQueueFull
                0x0000000040080b00        0x0 /Users/ekrivich/esp/hello_world/build/freertos/libfreertos.a(queue.o)
                                          0x8 (size before relaxing)
 .literal.prvCopyDataToQueue
                0x0000000040080b00        0x0 /Users/ekrivich/esp/hello_world/build/freertos/libfreertos.a(queue.o)
                                          0xc (size before relaxing)
 .literal.prvNotifyQueueSetContainer
                0x0000000040080b00       0x14 /Users/ekrivich/esp/hello_world/build/freertos/libfreertos.a(queue.o)
                                         0x34 (size before relaxing)
 .literal.prvCopyDataFromQueue
                0x0000000040080b14        0x0 /Users/ekrivich/esp/hello_world/build/freertos/libfreertos.a(queue.o)
                                          0x4 (size before relaxing)
 .literal.xQueueGenericReset
                0x0000000040080b14        0x4 /Users/ekrivich/esp/hello_world/build/freertos/libfreertos.a(queue.o)
                                         0x30 (size before relaxing)
 .literal.prvInitialiseNewQueue
                0x0000000040080b18        0x0 /Users/ekrivich/esp/hello_world/build/freertos/libfreertos.a(queue.o)
                                          0x4 (size before relaxing)
 .literal.xQueueGenericCreate
                0x0000000040080b18        0x4 /Users/ekrivich/esp/hello_world/build/freertos/libfreertos.a(queue.o)
                                         0x1c (size before relaxing)
 .literal.xQueueGetMutexHolder
                0x0000000040080b1c        0x0 /Users/ekrivich/esp/hello_world/build/freertos/libfreertos.a(queue.o)
                                          0x8 (size before relaxing)
 .literal.xQueueCreateCountingSemaphore
                0x0000000040080b1c        0x4 /Users/ekrivich/esp/hello_world/build/freertos/libfreertos.a(queue.o)
                                         0x28 (size before relaxing)
 .literal.xQueueGenericSend
                0x0000000040080b20        0x4 /Users/ekrivich/esp/hello_world/build/freertos/libfreertos.a(queue.o)
                                         0x7c (size before relaxing)
 .literal.prvInitialiseMutex
                0x0000000040080b24        0x0 /Users/ekrivich/esp/hello_world/build/freertos/libfreertos.a(queue.o)
                                          0x8 (size before relaxing)
 .literal.xQueueCreateMutex
                0x0000000040080b24        0x0 /Users/ekrivich/esp/hello_world/build/freertos/libfreertos.a(queue.o)
                                          0x8 (size before relaxing)
 .literal.xQueueGiveMutexRecursive
                0x0000000040080b24        0x4 /Users/ekrivich/esp/hello_world/build/freertos/libfreertos.a(queue.o)
                                         0x1c (size before relaxing)
 .literal.xQueueGenericSendFromISR
                0x0000000040080b28        0x4 /Users/ekrivich/esp/hello_world/build/freertos/libfreertos.a(queue.o)
                                         0x3c (size before relaxing)
 .literal.xQueueGiveFromISR
                0x0000000040080b2c        0x4 /Users/ekrivich/esp/hello_world/build/freertos/libfreertos.a(queue.o)
                                         0x30 (size before relaxing)
 .literal.xQueueGenericReceive
                0x0000000040080b30        0x4 /Users/ekrivich/esp/hello_world/build/freertos/libfreertos.a(queue.o)
                                         0x78 (size before relaxing)
 .literal.xQueueTakeMutexRecursive
                0x0000000040080b34        0x4 /Users/ekrivich/esp/hello_world/build/freertos/libfreertos.a(queue.o)
                                         0x1c (size before relaxing)
 .literal.xQueueReceiveFromISR
                0x0000000040080b38        0x4 /Users/ekrivich/esp/hello_world/build/freertos/libfreertos.a(queue.o)
                                         0x30 (size before relaxing)
 .literal.vQueueDelete
                0x0000000040080b3c        0x4 /Users/ekrivich/esp/hello_world/build/freertos/libfreertos.a(queue.o)
                                         0x18 (size before relaxing)
 .literal.vQueueWaitForMessageRestricted
                0x0000000040080b40        0x0 /Users/ekrivich/esp/hello_world/build/freertos/libfreertos.a(queue.o)
                                          0xc (size before relaxing)
 .literal.prvResetNextTaskUnblockTime
                0x0000000040080b40        0x8 /Users/ekrivich/esp/hello_world/build/freertos/libfreertos.a(tasks.o)
 .literal.prvDeleteTLS
                0x0000000040080b48       0x10 /Users/ekrivich/esp/hello_world/build/freertos/libfreertos.a(tasks.o)
                                         0x18 (size before relaxing)
 .literal.prvInitialiseNewTask
                0x0000000040080b58        0x0 /Users/ekrivich/esp/hello_world/build/freertos/libfreertos.a(tasks.o)
                                         0x18 (size before relaxing)
 .literal.prvInitialiseTaskLists
                0x0000000040080b58       0x20 /Users/ekrivich/esp/hello_world/build/freertos/libfreertos.a(tasks.o)
                                         0x40 (size before relaxing)
 .literal.prvDeleteTCB
                0x0000000040080b78        0x8 /Users/ekrivich/esp/hello_world/build/freertos/libfreertos.a(tasks.o)
                                         0x2c (size before relaxing)
 .literal.prvAddCurrentTaskToDelayedList
                0x0000000040080b80        0x4 /Users/ekrivich/esp/hello_world/build/freertos/libfreertos.a(tasks.o)
                                         0x1c (size before relaxing)
 .literal.taskYIELD_OTHER_CORE
                0x0000000040080b84        0x0 /Users/ekrivich/esp/hello_world/build/freertos/libfreertos.a(tasks.o)
                                         0x10 (size before relaxing)
 .literal.vTaskSuspendAll
                0x0000000040080b84        0x4 /Users/ekrivich/esp/hello_world/build/freertos/libfreertos.a(tasks.o)
                                          0x8 (size before relaxing)
 .literal.xTaskGetTickCount
                0x0000000040080b88        0x0 /Users/ekrivich/esp/hello_world/build/freertos/libfreertos.a(tasks.o)
                                          0x4 (size before relaxing)
 .literal.xTaskGetIdleTaskHandleForCPU
                0x0000000040080b88        0xc /Users/ekrivich/esp/hello_world/build/freertos/libfreertos.a(tasks.o)
                                         0x1c (size before relaxing)
 .literal.vTaskSwitchContext
                0x0000000040080b94       0x18 /Users/ekrivich/esp/hello_world/build/freertos/libfreertos.a(tasks.o)
                                         0x3c (size before relaxing)
 .literal.vTaskSetTimeOutState
                0x0000000040080bac        0xc /Users/ekrivich/esp/hello_world/build/freertos/libfreertos.a(tasks.o)
                                         0x20 (size before relaxing)
 .literal.xTaskGetCurrentTaskHandle
                0x0000000040080bb8        0x0 /Users/ekrivich/esp/hello_world/build/freertos/libfreertos.a(tasks.o)
                                          0x8 (size before relaxing)
 .literal.__getreent
                0x0000000040080bb8        0x0 /Users/ekrivich/esp/hello_world/build/freertos/libfreertos.a(tasks.o)
                                          0x8 (size before relaxing)
 .literal.pcTaskGetTaskName
                0x0000000040080bb8        0x8 /Users/ekrivich/esp/hello_world/build/freertos/libfreertos.a(tasks.o)
                                         0x1c (size before relaxing)
 .literal.xTaskGetAffinity
                0x0000000040080bc0        0x0 /Users/ekrivich/esp/hello_world/build/freertos/libfreertos.a(tasks.o)
                                          0x4 (size before relaxing)
 .literal.xTaskGetCurrentTaskHandleForCPU
                0x0000000040080bc0        0x0 /Users/ekrivich/esp/hello_world/build/freertos/libfreertos.a(tasks.o)
                                          0x4 (size before relaxing)
 .literal.xTaskGetSchedulerState
                0x0000000040080bc0        0x4 /Users/ekrivich/esp/hello_world/build/freertos/libfreertos.a(tasks.o)
                                          0xc (size before relaxing)
 .literal.vTaskEnterCritical
                0x0000000040080bc4       0x14 /Users/ekrivich/esp/hello_world/build/freertos/libfreertos.a(tasks.o)
                                         0x34 (size before relaxing)
 .literal.vTaskExitCritical
                0x0000000040080bd8        0xc /Users/ekrivich/esp/hello_world/build/freertos/libfreertos.a(tasks.o)
                                         0x28 (size before relaxing)
 .literal.prvAddNewTaskToReadyList
                0x0000000040080be4       0x10 /Users/ekrivich/esp/hello_world/build/freertos/libfreertos.a(tasks.o)
                                         0x58 (size before relaxing)
 .literal.xTaskCreatePinnedToCore
                0x0000000040080bf4        0x0 /Users/ekrivich/esp/hello_world/build/freertos/libfreertos.a(tasks.o)
                                         0x18 (size before relaxing)
 .literal.vTaskStartScheduler
                0x0000000040080bf4       0x10 /Users/ekrivich/esp/hello_world/build/freertos/libfreertos.a(tasks.o)
                                         0x3c (size before relaxing)
 .literal.vTaskDelete
                0x0000000040080c04        0x8 /Users/ekrivich/esp/hello_world/build/freertos/libfreertos.a(tasks.o)
                                         0x60 (size before relaxing)
 .literal.vTaskDelay
                0x0000000040080c0c        0x4 /Users/ekrivich/esp/hello_world/build/freertos/libfreertos.a(tasks.o)
                                         0x38 (size before relaxing)
 .literal.uxTaskPriorityGet
                0x0000000040080c10        0x0 /Users/ekrivich/esp/hello_world/build/freertos/libfreertos.a(tasks.o)
                                         0x10 (size before relaxing)
 .literal.vTaskPrioritySet
                0x0000000040080c10        0x4 /Users/ekrivich/esp/hello_world/build/freertos/libfreertos.a(tasks.o)
                                         0x44 (size before relaxing)
 .literal.prvCheckTasksWaitingTermination
                0x0000000040080c14        0x8 /Users/ekrivich/esp/hello_world/build/freertos/libfreertos.a(tasks.o)
                                         0x30 (size before relaxing)
 .literal.prvIdleTask
                0x0000000040080c1c        0x0 /Users/ekrivich/esp/hello_world/build/freertos/libfreertos.a(tasks.o)
                                          0x8 (size before relaxing)
 .literal.xTaskIncrementTick
                0x0000000040080c1c        0xc /Users/ekrivich/esp/hello_world/build/freertos/libfreertos.a(tasks.o)
                                         0x6c (size before relaxing)
 .literal.xTaskResumeAll
                0x0000000040080c28        0x8 /Users/ekrivich/esp/hello_world/build/freertos/libfreertos.a(tasks.o)
                                         0x5c (size before relaxing)
 .literal.vTaskPlaceOnEventList
                0x0000000040080c30        0x8 /Users/ekrivich/esp/hello_world/build/freertos/libfreertos.a(tasks.o)
                                         0x40 (size before relaxing)
 .literal.vTaskPlaceOnEventListRestricted
                0x0000000040080c38        0x8 /Users/ekrivich/esp/hello_world/build/freertos/libfreertos.a(tasks.o)
                                         0x38 (size before relaxing)
 .literal.xTaskRemoveFromEventList
                0x0000000040080c40        0x8 /Users/ekrivich/esp/hello_world/build/freertos/libfreertos.a(tasks.o)
                                         0x58 (size before relaxing)
 .literal.xTaskCheckForTimeOut
                0x0000000040080c48        0xc /Users/ekrivich/esp/hello_world/build/freertos/libfreertos.a(tasks.o)
                                         0x3c (size before relaxing)
 .literal.vTaskPriorityInherit
                0x0000000040080c54        0x0 /Users/ekrivich/esp/hello_world/build/freertos/libfreertos.a(tasks.o)
                                         0x28 (size before relaxing)
 .literal.xTaskPriorityDisinherit
                0x0000000040080c54        0x8 /Users/ekrivich/esp/hello_world/build/freertos/libfreertos.a(tasks.o)
                                         0x3c (size before relaxing)
 .literal.pvTaskIncrementMutexHeldCount
                0x0000000040080c5c        0x0 /Users/ekrivich/esp/hello_world/build/freertos/libfreertos.a(tasks.o)
                                         0x10 (size before relaxing)
 .literal.prvGetNextExpireTime
                0x0000000040080c5c        0x4 /Users/ekrivich/esp/hello_world/build/freertos/libfreertos.a(timers.o)
 .literal.prvInsertTimerInActiveList
                0x0000000040080c60        0x4 /Users/ekrivich/esp/hello_world/build/freertos/libfreertos.a(timers.o)
                                         0x10 (size before relaxing)
 .literal.prvCheckForValidListAndQueue
                0x0000000040080c64       0x1c /Users/ekrivich/esp/hello_world/build/freertos/libfreertos.a(timers.o)
                                         0x44 (size before relaxing)
 .literal.xTimerCreateTimerTask
                0x0000000040080c80        0xc /Users/ekrivich/esp/hello_world/build/freertos/libfreertos.a(timers.o)
                                         0x2c (size before relaxing)
 .literal.xTimerGenericCommand
                0x0000000040080c8c        0x0 /Users/ekrivich/esp/hello_world/build/freertos/libfreertos.a(timers.o)
                                         0x14 (size before relaxing)
 .literal.prvSwitchTimerLists
                0x0000000040080c8c        0x4 /Users/ekrivich/esp/hello_world/build/freertos/libfreertos.a(timers.o)
                                         0x28 (size before relaxing)
 .literal.prvSampleTimeNow
                0x0000000040080c90        0x4 /Users/ekrivich/esp/hello_world/build/freertos/libfreertos.a(timers.o)
                                          0xc (size before relaxing)
 .literal.prvProcessExpiredTimer
                0x0000000040080c94        0x4 /Users/ekrivich/esp/hello_world/build/freertos/libfreertos.a(timers.o)
                                         0x24 (size before relaxing)
 .literal.prvProcessTimerOrBlockTask
                0x0000000040080c98        0x0 /Users/ekrivich/esp/hello_world/build/freertos/libfreertos.a(timers.o)
                                         0x24 (size before relaxing)
 .literal.prvProcessReceivedCommands
                0x0000000040080c98        0x8 /Users/ekrivich/esp/hello_world/build/freertos/libfreertos.a(timers.o)
                                         0x40 (size before relaxing)
 .literal.prvTimerTask
                0x0000000040080ca0        0x0 /Users/ekrivich/esp/hello_world/build/freertos/libfreertos.a(timers.o)
                                          0xc (size before relaxing)
 .literal._xt_tick_divisor_init
                0x0000000040080ca0        0x8 /Users/ekrivich/esp/hello_world/build/freertos/libfreertos.a(xtensa_init.o)
                                          0xc (size before relaxing)
 .literal.xt_unhandled_interrupt
                0x0000000040080ca8        0x4 /Users/ekrivich/esp/hello_world/build/freertos/libfreertos.a(xtensa_intr.o)
                                          0x8 (size before relaxing)
 .literal.xt_set_interrupt_handler
                0x0000000040080cac        0x8 /Users/ekrivich/esp/hello_world/build/freertos/libfreertos.a(xtensa_intr.o)
                                          0xc (size before relaxing)
 .literal       0x0000000040080cb4        0x8 /Users/ekrivich/esp/hello_world/build/freertos/libfreertos.a(portasm.o)
                                         0x54 (size before relaxing)
 .literal       0x0000000040080cbc        0x0 /Users/ekrivich/esp/hello_world/build/freertos/libfreertos.a(xtensa_context.o)
                                         0x10 (size before relaxing)
 .literal.get_prev_free_block
                0x0000000040080cbc       0x10 /Users/ekrivich/esp/hello_world/build/heap/libheap.a(multi_heap.o)
                                         0x28 (size before relaxing)
 .literal.split_if_necessary
                0x0000000040080ccc       0x10 /Users/ekrivich/esp/hello_world/build/heap/libheap.a(multi_heap.o)
                                         0x50 (size before relaxing)
 .literal.assert_valid_block
                0x0000000040080cdc        0x0 /Users/ekrivich/esp/hello_world/build/heap/libheap.a(multi_heap.o)
                                         0x2c (size before relaxing)
 .literal.merge_adjacent
                0x0000000040080cdc        0x8 /Users/ekrivich/esp/hello_world/build/heap/libheap.a(multi_heap.o)
                                         0x4c (size before relaxing)
 .literal.multi_heap_get_allocated_size_impl
                0x0000000040080ce4        0x0 /Users/ekrivich/esp/hello_world/build/heap/libheap.a(multi_heap.o)
                                         0x10 (size before relaxing)
 .literal.multi_heap_malloc_impl
                0x0000000040080ce4        0x0 /Users/ekrivich/esp/hello_world/build/heap/libheap.a(multi_heap.o)
                                         0x28 (size before relaxing)
 .literal.multi_heap_free_impl
                0x0000000040080ce4        0x0 /Users/ekrivich/esp/hello_world/build/heap/libheap.a(multi_heap.o)
                                         0x50 (size before relaxing)
 .literal.multi_heap_realloc_impl
                0x0000000040080ce4        0xc /Users/ekrivich/esp/hello_world/build/heap/libheap.a(multi_heap.o)
                                         0x68 (size before relaxing)
 .iram1.1       0x0000000040080cf0       0x69 /Users/ekrivich/esp/hello_world/build/app_update/libapp_update.a(esp_app_desc.o)
                0x0000000040080cf0                esp_ota_get_app_elf_sha256
 *fill*         0x0000000040080d59        0x3 
 .iram1.21      0x0000000040080d5c       0xc9 /Users/ekrivich/esp/hello_world/build/esp32/libesp32.a(cpu_start.o)
                                        0x125 (size before relaxing)
                0x0000000040080d5c                start_cpu0
                0x0000000040080d5c                start_cpu0_default
 *fill*         0x0000000040080e25        0x3 
 .iram1.23      0x0000000040080e28       0x32 /Users/ekrivich/esp/hello_world/build/esp32/libesp32.a(cpu_start.o)
                                         0x46 (size before relaxing)
                0x0000000040080e28                start_cpu1_default
                0x0000000040080e28                start_cpu1
 *fill*         0x0000000040080e5a        0x2 
 .iram1.25      0x0000000040080e5c       0x4c /Users/ekrivich/esp/hello_world/build/esp32/libesp32.a(cpu_start.o)
                                         0x58 (size before relaxing)
 .iram1.24      0x0000000040080ea8      0x1c2 /Users/ekrivich/esp/hello_world/build/esp32/libesp32.a(cpu_start.o)
                                        0x21a (size before relaxing)
                0x0000000040080ea8                call_start_cpu0
 *fill*         0x000000004008106a        0x2 
 .iram1.17      0x000000004008106c       0x52 /Users/ekrivich/esp/hello_world/build/esp32/libesp32.a(crosscore_int.o)
                                         0x5a (size before relaxing)
 *fill*         0x00000000400810be        0x2 
 .iram1.16      0x00000000400810c0       0x44 /Users/ekrivich/esp/hello_world/build/esp32/libesp32.a(crosscore_int.o)
                                         0x4c (size before relaxing)
 .iram1.18      0x0000000040081104        0xf /Users/ekrivich/esp/hello_world/build/esp32/libesp32.a(crosscore_int.o)
                0x0000000040081104                esp_crosscore_int_send_yield
 *fill*         0x0000000040081113        0x1 
 .iram1.15      0x0000000040081114       0xb0 /Users/ekrivich/esp/hello_world/build/esp32/libesp32.a(dport_access.o)
                0x0000000040081114                esp_dport_access_stall_other_cpu_start
 .iram1.16      0x00000000400811c4       0x7c /Users/ekrivich/esp/hello_world/build/esp32/libesp32.a(dport_access.o)
                                         0x80 (size before relaxing)
                0x00000000400811c4                esp_dport_access_stall_other_cpu_end
 .iram1.19      0x0000000040081240       0x23 /Users/ekrivich/esp/hello_world/build/esp32/libesp32.a(dport_access.o)
                                         0x27 (size before relaxing)
                0x0000000040081240                esp_dport_access_int_pause
 *fill*         0x0000000040081263        0x1 
 .iram1.20      0x0000000040081264       0x14 /Users/ekrivich/esp/hello_world/build/esp32/libesp32.a(dport_access.o)
                0x0000000040081264                esp_dport_access_int_abort
 .iram1.23      0x0000000040081278       0x15 /Users/ekrivich/esp/hello_world/build/esp32/libesp32.a(dport_access.o)
                0x0000000040081278                esp_dport_access_reg_read
 *fill*         0x000000004008128d        0x3 
 .iram1.24      0x0000000040081290        0xc /Users/ekrivich/esp/hello_world/build/esp32/libesp32.a(dport_access.o)
                0x0000000040081290                esp_dport_access_sequence_reg_read
 .iram1.20      0x000000004008129c       0x11 /Users/ekrivich/esp/hello_world/build/esp32/libesp32.a(esp_timer.o)
 *fill*         0x00000000400812ad        0x3 
 .iram1.17      0x00000000400812b0        0xb /Users/ekrivich/esp/hello_world/build/esp32/libesp32.a(esp_timer.o)
                                          0xe (size before relaxing)
 *fill*         0x00000000400812bb        0x1 
 .iram1.18      0x00000000400812bc        0xb /Users/ekrivich/esp/hello_world/build/esp32/libesp32.a(esp_timer.o)
                                          0xe (size before relaxing)
 *fill*         0x00000000400812c7        0x1 
 .iram1.14      0x00000000400812c8       0x97 /Users/ekrivich/esp/hello_world/build/esp32/libesp32.a(esp_timer.o)
                                         0x9e (size before relaxing)
 *fill*         0x000000004008135f        0x1 
 .iram1.19      0x0000000040081360       0x1c /Users/ekrivich/esp/hello_world/build/esp32/libesp32.a(esp_timer.o)
                                         0x20 (size before relaxing)
 .iram1.22      0x000000004008137c        0xf /Users/ekrivich/esp/hello_world/build/esp32/libesp32.a(esp_timer.o)
                0x000000004008137c                esp_timer_get_time
 *fill*         0x000000004008138b        0x1 
 .iram1.15      0x000000004008138c      0x122 /Users/ekrivich/esp/hello_world/build/esp32/libesp32.a(esp_timer_esp32.o)
                                        0x126 (size before relaxing)
 *fill*         0x00000000400814ae        0x2 
 .iram1.13      0x00000000400814b0      0x16e /Users/ekrivich/esp/hello_world/build/esp32/libesp32.a(esp_timer_esp32.o)
                0x00000000400814b0                esp_timer_impl_get_time
 *fill*         0x000000004008161e        0x2 
 .iram1.14      0x0000000040081620      0x148 /Users/ekrivich/esp/hello_world/build/esp32/libesp32.a(esp_timer_esp32.o)
                                        0x14b (size before relaxing)
                0x0000000040081620                esp_timer_impl_set_alarm
 *fill*         0x0000000040081768        0x0 
 .iram1.14      0x0000000040081768       0x53 /Users/ekrivich/esp/hello_world/build/esp32/libesp32.a(int_wdt.o)
 *fill*         0x00000000400817bb        0x1 
 .iram1.11      0x00000000400817bc       0x39 /Users/ekrivich/esp/hello_world/build/esp32/libesp32.a(intr_alloc.o)
                                         0x3c (size before relaxing)
 *fill*         0x00000000400817f5        0x3 
 .iram1.13      0x00000000400817f8       0x85 /Users/ekrivich/esp/hello_world/build/esp32/libesp32.a(intr_alloc.o)
                                         0x89 (size before relaxing)
                0x00000000400817f8                esp_intr_enable
 *fill*         0x000000004008187d        0x3 
 .iram1.14      0x0000000040081880       0xc5 /Users/ekrivich/esp/hello_world/build/esp32/libesp32.a(intr_alloc.o)
                                         0xcd (size before relaxing)
                0x0000000040081880                esp_intr_disable
 *fill*         0x0000000040081945        0x3 
 .iram1.15      0x0000000040081948       0x4c /Users/ekrivich/esp/hello_world/build/esp32/libesp32.a(intr_alloc.o)
                                         0x50 (size before relaxing)
                0x0000000040081948                esp_intr_noniram_disable
 .iram1.16      0x0000000040081994       0x3e /Users/ekrivich/esp/hello_world/build/esp32/libesp32.a(intr_alloc.o)
                0x0000000040081994                esp_intr_noniram_enable
 *fill*         0x00000000400819d2        0x2 
 .iram1.11      0x00000000400819d4       0x7f /Users/ekrivich/esp/hello_world/build/esp32/libesp32.a(ipc.o)
                                         0x8b (size before relaxing)
 *fill*         0x0000000040081a53        0x1 
 .iram1.22      0x0000000040081a54      0x173 /Users/ekrivich/esp/hello_world/build/esp32/libesp32.a(system_api.o)
                                        0x1bb (size before relaxing)
                0x0000000040081a54                esp_restart_noos
 *fill*         0x0000000040081bc7        0x1 
 .iram1         0x0000000040081bc8       0xda /Users/ekrivich/esp/hello_world/build/esp32/libesp32.a(dport_panic_highint_hdl.o)
                0x0000000040081bc8                xt_highint4
                0x0000000040081ca2                ld_include_panic_highint_hdl
 *fill*         0x0000000040081ca2        0x2 
 .iram1.13      0x0000000040081ca4       0x2c /Users/ekrivich/esp/hello_world/build/esp32/libesp32.a(cache_err_int.o)
                                         0x34 (size before relaxing)
                0x0000000040081ca4                esp_cache_err_get_cpuid
 .iram1.4       0x0000000040081cd0       0x10 /Users/ekrivich/esp/hello_world/build/esp32/libesp32.a(clk.o)
                0x0000000040081cd0                esp_clk_cpu_freq
 .iram1.5       0x0000000040081ce0       0x15 /Users/ekrivich/esp/hello_world/build/esp32/libesp32.a(clk.o)
                0x0000000040081ce0                esp_clk_apb_freq
 *fill*         0x0000000040081cf5        0x3 
 .iram1.7       0x0000000040081cf8        0xf /Users/ekrivich/esp/hello_world/build/esp32/libesp32.a(clk.o)
                0x0000000040081cf8                ets_update_cpu_frequency
 *fill*         0x0000000040081d07        0x1 
 .iram1.10      0x0000000040081d08       0x27 /Users/ekrivich/esp/hello_world/build/esp32/libesp32.a(freertos_hooks.o)
                0x0000000040081d08                esp_vApplicationTickHook
 *fill*         0x0000000040081d2f        0x1 
 .iram1.11      0x0000000040081d30       0x1a /Users/ekrivich/esp/hello_world/build/freertos/libfreertos.a(port.o)
                0x0000000040081d30                xPortInterruptedFromISRContext
 *fill*         0x0000000040081d4a        0x2 
 .iram1         0x0000000040081d4c      0x4f8 /Users/ekrivich/esp/hello_world/build/freertos/libfreertos.a(xtensa_vectors.o)
                0x0000000040081d4c                _xt_panic
                0x0000000040081e6c                _xt_user_exit
                0x0000000040082180                _xt_medint2_exit
                0x0000000040082230                _xt_medint3_exit
 .iram1.18      0x0000000040082244       0x28 /Users/ekrivich/esp/hello_world/build/heap/libheap.a(heap_caps.o)
 .iram1.11      0x000000004008226c       0x65 /Users/ekrivich/esp/hello_world/build/heap/libheap.a(heap_caps.o)
                                         0x74 (size before relaxing)
 *fill*         0x00000000400822d1        0x3 
 .iram1.12      0x00000000400822d4       0xa4 /Users/ekrivich/esp/hello_world/build/heap/libheap.a(heap_caps.o)
                                         0xa8 (size before relaxing)
                0x00000000400822d4                heap_caps_malloc
 .iram1.13      0x0000000040082378       0x49 /Users/ekrivich/esp/hello_world/build/heap/libheap.a(heap_caps.o)
                                         0x4d (size before relaxing)
                0x0000000040082378                heap_caps_malloc_default
 *fill*         0x00000000400823c1        0x3 
 .iram1.19      0x00000000400823c4       0x37 /Users/ekrivich/esp/hello_world/build/heap/libheap.a(heap_caps.o)
                                         0x3e (size before relaxing)
                0x00000000400823c4                heap_caps_free
 *fill*         0x00000000400823fb        0x1 
 .iram1.20      0x00000000400823fc       0xad /Users/ekrivich/esp/hello_world/build/heap/libheap.a(heap_caps.o)
                                         0xc1 (size before relaxing)
                0x00000000400823fc                heap_caps_realloc
 *fill*         0x00000000400824a9        0x3 
 .iram1.14      0x00000000400824ac       0x59 /Users/ekrivich/esp/hello_world/build/heap/libheap.a(heap_caps.o)
                                         0x61 (size before relaxing)
                0x00000000400824ac                heap_caps_realloc_default
 *fill*         0x0000000040082505        0x3 
 .iram1.11      0x0000000040082508      0x12e /Users/ekrivich/esp/hello_world/build/log/liblog.a(log.o)
                                        0x136 (size before relaxing)
                0x0000000040082508                esp_log_write
 *fill*         0x0000000040082636        0x2 
 .iram1.12      0x0000000040082638       0x1c /Users/ekrivich/esp/hello_world/build/log/liblog.a(log.o)
                                         0x1f (size before relaxing)
                0x0000000040082638                esp_log_early_timestamp
 *fill*         0x0000000040082654        0x0 
 .iram1.13      0x0000000040082654       0x3f /Users/ekrivich/esp/hello_world/build/log/liblog.a(log.o)
                                         0x47 (size before relaxing)
                0x0000000040082654                esp_log_timestamp
 *fill*         0x0000000040082693        0x1 
 .iram1.11      0x0000000040082694       0x34 /Users/ekrivich/esp/hello_world/build/newlib/libnewlib.a(locks.o)
                                         0x43 (size before relaxing)
 *fill*         0x00000000400826c8        0x0 
 .iram1.15      0x00000000400826c8       0x98 /Users/ekrivich/esp/hello_world/build/newlib/libnewlib.a(locks.o)
                                         0xb4 (size before relaxing)
 .iram1.20      0x0000000040082760       0x4a /Users/ekrivich/esp/hello_world/build/newlib/libnewlib.a(locks.o)
                                         0x56 (size before relaxing)
 *fill*         0x00000000400827aa        0x2 
 .iram1.12      0x00000000400827ac       0x13 /Users/ekrivich/esp/hello_world/build/newlib/libnewlib.a(locks.o)
                0x00000000400827ac                _lock_init
 *fill*         0x00000000400827bf        0x1 
 .iram1.13      0x00000000400827c0       0x13 /Users/ekrivich/esp/hello_world/build/newlib/libnewlib.a(locks.o)
                0x00000000400827c0                _lock_init_recursive
 *fill*         0x00000000400827d3        0x1 
 .iram1.14      0x00000000400827d4       0x3b /Users/ekrivich/esp/hello_world/build/newlib/libnewlib.a(locks.o)
                                         0x4b (size before relaxing)
                0x00000000400827d4                _lock_close_recursive
                0x00000000400827d4                _lock_close
 *fill*         0x000000004008280f        0x1 
 .iram1.16      0x0000000040082810        0xe /Users/ekrivich/esp/hello_world/build/newlib/libnewlib.a(locks.o)
                                         0x12 (size before relaxing)
                0x0000000040082810                _lock_acquire
 *fill*         0x000000004008281e        0x2 
 .iram1.17      0x0000000040082820        0xe /Users/ekrivich/esp/hello_world/build/newlib/libnewlib.a(locks.o)
                                         0x12 (size before relaxing)
                0x0000000040082820                _lock_acquire_recursive
 *fill*         0x000000004008282e        0x2 
 .iram1.18      0x0000000040082830       0x10 /Users/ekrivich/esp/hello_world/build/newlib/libnewlib.a(locks.o)
                                         0x14 (size before relaxing)
                0x0000000040082830                _lock_try_acquire
 .iram1.19      0x0000000040082840       0x10 /Users/ekrivich/esp/hello_world/build/newlib/libnewlib.a(locks.o)
                                         0x14 (size before relaxing)
                0x0000000040082840                _lock_try_acquire_recursive
 .iram1.21      0x0000000040082850        0xf /Users/ekrivich/esp/hello_world/build/newlib/libnewlib.a(locks.o)
                0x0000000040082850                _lock_release
 *fill*         0x000000004008285f        0x1 
 .iram1.22      0x0000000040082860        0xf /Users/ekrivich/esp/hello_world/build/newlib/libnewlib.a(locks.o)
                0x0000000040082860                _lock_release_recursive
 *fill*         0x000000004008286f        0x1 
 .iram1.0       0x0000000040082870       0x3c /Users/ekrivich/esp/hello_world/build/newlib/libnewlib.a(reent_init.o)
                0x0000000040082870                esp_reent_init
 .iram1.10      0x00000000400828ac        0xc /Users/ekrivich/esp/hello_world/build/newlib/libnewlib.a(syscalls.o)
                                         0x10 (size before relaxing)
                0x00000000400828ac                _malloc_r
 .iram1.11      0x00000000400828b8        0xa /Users/ekrivich/esp/hello_world/build/newlib/libnewlib.a(syscalls.o)
                                          0xe (size before relaxing)
                0x00000000400828b8                _free_r
 *fill*         0x00000000400828c2        0x2 
 .iram1.12      0x00000000400828c4       0x11 /Users/ekrivich/esp/hello_world/build/newlib/libnewlib.a(syscalls.o)
                0x00000000400828c4                _realloc_r
 *fill*         0x00000000400828d5        0x3 
 .iram1.13      0x00000000400828d8       0x2c /Users/ekrivich/esp/hello_world/build/newlib/libnewlib.a(syscalls.o)
                0x00000000400828d8                _calloc_r
 .iram1.12      0x0000000040082904       0x46 /Users/ekrivich/esp/hello_world/build/newlib/libnewlib.a(time.o)
                                         0x4a (size before relaxing)
                0x0000000040082904                _gettimeofday_r
 *fill*         0x000000004008294a        0x2 
 .iram1.11      0x000000004008294c       0x28 /Users/ekrivich/esp/hello_world/build/newlib/libnewlib.a(time.o)
                                         0x2c (size before relaxing)
                0x000000004008294c                _times_r
 .iram1.0       0x0000000040082974       0x92 /Users/ekrivich/esp/hello_world/build/soc/libsoc.a(cpu_util.o)
                0x0000000040082974                esp_cpu_stall
 *fill*         0x0000000040082a06        0x2 
 .iram1.1       0x0000000040082a08       0x54 /Users/ekrivich/esp/hello_world/build/soc/libsoc.a(cpu_util.o)
                0x0000000040082a08                esp_cpu_unstall
 .iram1.2       0x0000000040082a5c       0x21 /Users/ekrivich/esp/hello_world/build/soc/libsoc.a(cpu_util.o)
                0x0000000040082a5c                esp_cpu_reset
 *fill*         0x0000000040082a7d        0x3 
 .iram1.3       0x0000000040082a80        0xe /Users/ekrivich/esp/hello_world/build/soc/libsoc.a(cpu_util.o)
                0x0000000040082a80                esp_cpu_in_ocd_debug_mode
 *fill*         0x0000000040082a8e        0x2 
 .iram1.28      0x0000000040082a90       0x64 /Users/ekrivich/esp/hello_world/build/spi_flash/libspi_flash.a(cache_utils.o)
                                         0x6c (size before relaxing)
 .iram1.22      0x0000000040082af4       0x43 /Users/ekrivich/esp/hello_world/build/spi_flash/libspi_flash.a(cache_utils.o)
                                         0x4f (size before relaxing)
                0x0000000040082af4                spi_flash_op_block_func
 *fill*         0x0000000040082b37        0x1 
 .iram1.27      0x0000000040082b38       0x66 /Users/ekrivich/esp/hello_world/build/spi_flash/libspi_flash.a(cache_utils.o)
                                         0x6e (size before relaxing)
 *fill*         0x0000000040082b9e        0x2 
 .iram1.23      0x0000000040082ba0       0xde /Users/ekrivich/esp/hello_world/build/spi_flash/libspi_flash.a(cache_utils.o)
                                        0x10a (size before relaxing)
                0x0000000040082ba0                spi_flash_disable_interrupts_caches_and_other_cpu
 *fill*         0x0000000040082c7e        0x2 
 .iram1.24      0x0000000040082c80       0x8e /Users/ekrivich/esp/hello_world/build/spi_flash/libspi_flash.a(cache_utils.o)
                                         0xa6 (size before relaxing)
                0x0000000040082c80                spi_flash_enable_interrupts_caches_and_other_cpu
 *fill*         0x0000000040082d0e        0x2 
 .iram1.29      0x0000000040082d10       0x24 /Users/ekrivich/esp/hello_world/build/spi_flash/libspi_flash.a(cache_utils.o)
                                         0x28 (size before relaxing)
                0x0000000040082d10                spi_flash_cache_enabled
 .iram1.22      0x0000000040082d34        0xa /Users/ekrivich/esp/hello_world/build/spi_flash/libspi_flash.a(flash_ops.o)
                0x0000000040082d34                spi_flash_guard_set
 *fill*         0x0000000040082d3e        0x2 
 .iram1.24      0x0000000040082d40        0xa /Users/ekrivich/esp/hello_world/build/spi_flash/libspi_flash.a(flash_ops.o)
                0x0000000040082d40                spi_flash_get_chip_size
 *fill*         0x0000000040082d4a        0x2 
 .iram1.22      0x0000000040082d4c       0x24 /Users/ekrivich/esp/hello_world/build/spi_flash/libspi_flash.a(flash_mmap.o)
 .iram1.21      0x0000000040082d70       0x83 /Users/ekrivich/esp/hello_world/build/spi_flash/libspi_flash.a(flash_mmap.o)
                                         0x87 (size before relaxing)
 *fill*         0x0000000040082df3        0x1 
 .iram1.27      0x0000000040082df4       0x17 /Users/ekrivich/esp/hello_world/build/spi_flash/libspi_flash.a(flash_mmap.o)
                                         0x1f (size before relaxing)
 *fill*         0x0000000040082e0b        0x1 
 .iram1.30      0x0000000040082e0c       0x82 /Users/ekrivich/esp/hello_world/build/spi_flash/libspi_flash.a(flash_mmap.o)
                                         0x8e (size before relaxing)
 *fill*         0x0000000040082e8e        0x2 
 .iram1.24      0x0000000040082e90      0x246 /Users/ekrivich/esp/hello_world/build/spi_flash/libspi_flash.a(flash_mmap.o)
                                        0x266 (size before relaxing)
                0x0000000040082e90                spi_flash_mmap_pages
 *fill*         0x00000000400830d6        0x2 
 .iram1.23      0x00000000400830d8       0x71 /Users/ekrivich/esp/hello_world/build/spi_flash/libspi_flash.a(flash_mmap.o)
                0x00000000400830d8                spi_flash_mmap
 *fill*         0x0000000040083149        0x3 
 .iram1.25      0x000000004008314c       0xa2 /Users/ekrivich/esp/hello_world/build/spi_flash/libspi_flash.a(flash_mmap.o)
                                         0xa6 (size before relaxing)
                0x000000004008314c                spi_flash_munmap
 *fill*         0x00000000400831ee        0x0 
 *fill*         0x00000000400831ee        0x0 
 *fill*         0x00000000400831ee        0x0 
 *fill*         0x00000000400831ee        0x0 
 *fill*         0x00000000400831ee        0x0 
 *fill*         0x00000000400831ee        0x2 
 .iram1.0       0x00000000400831f0       0x20 /Users/ekrivich/esp/hello_world/build/esp32/libesp32.a(dbg_stubs.o)
 *fill*         0x0000000040083210        0x0 
 *fill*         0x0000000040083210        0x0 
 *fill*         0x0000000040083210        0x0 
 *fill*         0x0000000040083210        0x0 
 *fill*         0x0000000040083210        0x0 
 *fill*         0x0000000040083210        0x0 
 *fill*         0x0000000040083210        0x0 
 *fill*         0x0000000040083210        0x0 
 *fill*         0x0000000040083210        0x0 
 *fill*         0x0000000040083210        0x0 
 *fill*         0x0000000040083210        0x0 
 *fill*         0x0000000040083210        0x0 
 *fill*         0x0000000040083210        0x0 
 *fill*         0x0000000040083210        0x0 
 *fill*         0x0000000040083210        0x0 
 *fill*         0x0000000040083210        0x0 
 *fill*         0x0000000040083210        0x0 
 *fill*         0x0000000040083210        0x0 
 *fill*         0x0000000040083210        0x0 
 *fill*         0x0000000040083210        0x0 
 *fill*         0x0000000040083210        0x0 
 .iram1         0x0000000040083210       0x2e /Users/ekrivich/esp/hello_world/build/freertos/libfreertos.a(xtensa_vector_defaults.o)
                0x0000000040083210                xt_debugexception
                0x0000000040083230                xt_highint5
                0x0000000040083238                _xt_nmi
                0x0000000040083238                xt_nmi
 *fill*         0x000000004008323e        0x0 
 *fill*         0x000000004008323e        0x0 
 *fill*         0x000000004008323e        0x0 
 *fill*         0x000000004008323e        0x0 
 *fill*         0x000000004008323e        0x0 
 *fill*         0x000000004008323e        0x0 
 *fill*         0x000000004008323e        0x0 
 *fill*         0x000000004008323e        0x0 
 *fill*         0x000000004008323e        0x0 
 *fill*         0x000000004008323e        0x0 
 *fill*         0x000000004008323e        0x0 
 *fill*         0x000000004008323e        0x0 
 *fill*         0x000000004008323e        0x0 
 *fill*         0x000000004008323e        0x0 
 *fill*         0x000000004008323e        0x0 
 *fill*         0x000000004008323e        0x0 
 *fill*         0x000000004008323e        0x0 
 *fill*         0x000000004008323e        0x0 
 *fill*         0x000000004008323e        0x0 
 *fill*         0x000000004008323e        0x0 
 *fill*         0x000000004008323e        0x0 
 *fill*         0x000000004008323e        0x0 
 *fill*         0x000000004008323e        0x0 
 *fill*         0x000000004008323e        0x0 
 *fill*         0x000000004008323e        0x0 
 *fill*         0x000000004008323e        0x0 
 *fill*         0x000000004008323e        0x0 
 *fill*         0x000000004008323e        0x0 
 *fill*         0x000000004008323e        0x0 
 *fill*         0x000000004008323e        0x0 
 *fill*         0x000000004008323e        0x0 
 *fill*         0x000000004008323e        0x0 
 *fill*         0x000000004008323e        0x0 
 *fill*         0x000000004008323e        0x0 
 *libspi_flash.a:spi_flash_rom_patch.*(.literal .literal.* .text .text.*)
 *libesp_ringbuf.a:(.literal .literal.* .text .text.*)
 *fill*         0x000000004008323e        0x2 
 .text.prvGetFreeSize
                0x0000000040083240       0x3c /Users/ekrivich/esp/hello_world/build/esp_ringbuf/libesp_ringbuf.a(ringbuf.o)
                                         0x40 (size before relaxing)
 .text.prvReceiveGeneric
                0x000000004008327c      0x128 /Users/ekrivich/esp/hello_world/build/esp_ringbuf/libesp_ringbuf.a(ringbuf.o)
                                        0x13c (size before relaxing)
 .text.xRingbufferSend
                0x00000000400833a4       0xfd /Users/ekrivich/esp/hello_world/build/esp_ringbuf/libesp_ringbuf.a(ringbuf.o)
                                        0x111 (size before relaxing)
                0x00000000400833a4                xRingbufferSend
 *fill*         0x00000000400834a1        0x3 
 .text.xRingbufferReceive
                0x00000000400834a4       0x45 /Users/ekrivich/esp/hello_world/build/esp_ringbuf/libesp_ringbuf.a(ringbuf.o)
                0x00000000400834a4                xRingbufferReceive
 *fill*         0x00000000400834e9        0x3 
 .text.vRingbufferReturnItem
                0x00000000400834ec       0x5a /Users/ekrivich/esp/hello_world/build/esp_ringbuf/libesp_ringbuf.a(ringbuf.o)
                                         0x66 (size before relaxing)
                0x00000000400834ec                vRingbufferReturnItem
 *fill*         0x0000000040083546        0x2 
 .text.prvCheckItemAvail
                0x0000000040083548       0x34 /Users/ekrivich/esp/hello_world/build/esp_ringbuf/libesp_ringbuf.a(ringbuf.o)
 *fill*         0x000000004008357c        0x0 
 *fill*         0x000000004008357c        0x0 
 *libhal.a:(.literal .literal.* .text .text.*)
 .text          0x000000004008357c      0x137 /Users/ekrivich/esp/esp-idf/components/esp32/libhal.a(windowspill_asm.o)
                0x000000004008357c                xthal_window_spill_nw
                0x000000004008357c                xthal_spill_registers_into_stack_nw
                0x0000000040083690                xthal_window_spill
 *fill*         0x00000000400836b3        0x1 
 .text          0x00000000400836b4        0x8 /Users/ekrivich/esp/esp-idf/components/esp32/libhal.a(int_asm--set_intclear.o)
                0x00000000400836b4                xthal_set_intclear
 .text          0x00000000400836bc       0x48 /Users/ekrivich/esp/esp-idf/components/esp32/libhal.a(clock.o)
                0x00000000400836bc                xthal_get_ccount
                0x00000000400836c4                xthal_set_ccompare
                0x00000000400836e4                xthal_get_ccompare
 *fill*         0x0000000040083704        0x0 
 .text          0x0000000040083704       0x3e /Users/ekrivich/esp/esp-idf/components/esp32/libhal.a(state_asm--restore_extra_nw.o)
                0x0000000040083704                xthal_restore_extra_nw
 *fill*         0x0000000040083742        0x2 
 .text          0x0000000040083744       0x3e /Users/ekrivich/esp/esp-idf/components/esp32/libhal.a(state_asm--save_extra_nw.o)
                0x0000000040083744                xthal_save_extra_nw
 *libapp_trace.a:(.literal .literal.* .text .text.*)
 *libesp32.a:panic.*(.literal .literal.* .text .text.*)
 *fill*         0x0000000040083782        0x2 
 .text.panicPutChar
                0x0000000040083784       0x1e /Users/ekrivich/esp/hello_world/build/esp32/libesp32.a(panic.o)
 *fill*         0x00000000400837a2        0x2 
 .text.panicPutStr
                0x00000000400837a4       0x1a /Users/ekrivich/esp/hello_world/build/esp32/libesp32.a(panic.o)
 *fill*         0x00000000400837be        0x2 
 .text.panicPutHex
                0x00000000400837c0       0x2c /Users/ekrivich/esp/hello_world/build/esp32/libesp32.a(panic.o)
                                         0x2f (size before relaxing)
 *fill*         0x00000000400837ec        0x0 
 .text.panicPutDec
                0x00000000400837ec       0x3c /Users/ekrivich/esp/hello_world/build/esp32/libesp32.a(panic.o)
                                         0x46 (size before relaxing)
 *fill*         0x0000000040083828        0x0 
 .text.illegal_instruction_helper
                0x0000000040083828       0x57 /Users/ekrivich/esp/hello_world/build/esp32/libesp32.a(panic.o)
                                         0x73 (size before relaxing)
 *fill*         0x000000004008387f        0x1 
 .text.reconfigureAllWdts
                0x0000000040083880       0xa8 /Users/ekrivich/esp/hello_world/build/esp32/libesp32.a(panic.o)
 .text.putEntry
                0x0000000040083928       0x2b /Users/ekrivich/esp/hello_world/build/esp32/libesp32.a(panic.o)
                                         0x37 (size before relaxing)
 *fill*         0x0000000040083953        0x1 
 .text.doBacktrace
                0x0000000040083954       0x71 /Users/ekrivich/esp/hello_world/build/esp32/libesp32.a(panic.o)
                                         0x78 (size before relaxing)
 *fill*         0x00000000400839c5        0x3 
 .text.invoke_abort
                0x00000000400839c8       0x1d /Users/ekrivich/esp/hello_world/build/esp32/libesp32.a(panic.o)
 *fill*         0x00000000400839e5        0x3 
 .text.haltOtherCore
                0x00000000400839e8       0x18 /Users/ekrivich/esp/hello_world/build/esp32/libesp32.a(panic.o)
 .text.commonErrorHandler_dump
                0x0000000040083a00       0xf6 /Users/ekrivich/esp/hello_world/build/esp32/libesp32.a(panic.o)
                                        0x146 (size before relaxing)
 *fill*         0x0000000040083af6        0x2 
 .text.esp_panic_dig_reset
                0x0000000040083af8       0x32 /Users/ekrivich/esp/hello_world/build/esp32/libesp32.a(panic.o)
                                         0x36 (size before relaxing)
 *fill*         0x0000000040083b2a        0x2 
 .text.commonErrorHandler
                0x0000000040083b2c       0x70 /Users/ekrivich/esp/hello_world/build/esp32/libesp32.a(panic.o)
                                         0x9a (size before relaxing)
 *fill*         0x0000000040083b9c        0x0 
 .text.esp_error_check_failed_print
                0x0000000040083b9c       0x56 /Users/ekrivich/esp/hello_world/build/esp32/libesp32.a(panic.o)
                                         0x5e (size before relaxing)
 *fill*         0x0000000040083bf2        0x2 
 .text.abort    0x0000000040083bf4       0x38 /Users/ekrivich/esp/hello_world/build/esp32/libesp32.a(panic.o)
                                         0x3e (size before relaxing)
                0x0000000040083bf4                abort
 *fill*         0x0000000040083c2c        0x0 
 .text.vApplicationStackOverflowHook
                0x0000000040083c2c       0x17 /Users/ekrivich/esp/hello_world/build/esp32/libesp32.a(panic.o)
                                         0x23 (size before relaxing)
                0x0000000040083c2c                vApplicationStackOverflowHook
 *fill*         0x0000000040083c43        0x1 
 .text.panicHandler
                0x0000000040083c44      0x167 /Users/ekrivich/esp/hello_world/build/esp32/libesp32.a(panic.o)
                                        0x19a (size before relaxing)
                0x0000000040083c44                panicHandler